Archive member included to satisfy reference by file (symbol)

/opt/st/stm32cubeide_1.14.0/plugins/com.st.stm32cube.ide.mcu.externaltools.gnu-tools-for-stm32.11.3.rel1.linux64_1.1.100.202309141235/tools/bin/../lib/gcc/arm-none-eabi/11.3.1/../../../../arm-none-eabi/lib/thumb/v7e-m+dp/hard/libc_nano.a(libc_a-exit.o)
                              /opt/st/stm32cubeide_1.14.0/plugins/com.st.stm32cube.ide.mcu.externaltools.gnu-tools-for-stm32.11.3.rel1.linux64_1.1.100.202309141235/tools/bin/../lib/gcc/arm-none-eabi/11.3.1/../../../../arm-none-eabi/lib/thumb/v7e-m+dp/hard/crt0.o (exit)
/opt/st/stm32cubeide_1.14.0/plugins/com.st.stm32cube.ide.mcu.externaltools.gnu-tools-for-stm32.11.3.rel1.linux64_1.1.100.202309141235/tools/bin/../lib/gcc/arm-none-eabi/11.3.1/../../../../arm-none-eabi/lib/thumb/v7e-m+dp/hard/libc_nano.a(libc_a-findfp.o)
                              /opt/st/stm32cubeide_1.14.0/plugins/com.st.stm32cube.ide.mcu.externaltools.gnu-tools-for-stm32.11.3.rel1.linux64_1.1.100.202309141235/tools/bin/../lib/gcc/arm-none-eabi/11.3.1/../../../../arm-none-eabi/lib/thumb/v7e-m+dp/hard/libc_nano.a(libc_a-exit.o) (__stdio_exit_handler)
/opt/st/stm32cubeide_1.14.0/plugins/com.st.stm32cube.ide.mcu.externaltools.gnu-tools-for-stm32.11.3.rel1.linux64_1.1.100.202309141235/tools/bin/../lib/gcc/arm-none-eabi/11.3.1/../../../../arm-none-eabi/lib/thumb/v7e-m+dp/hard/libc_nano.a(libc_a-fwalk.o)
                              /opt/st/stm32cubeide_1.14.0/plugins/com.st.stm32cube.ide.mcu.externaltools.gnu-tools-for-stm32.11.3.rel1.linux64_1.1.100.202309141235/tools/bin/../lib/gcc/arm-none-eabi/11.3.1/../../../../arm-none-eabi/lib/thumb/v7e-m+dp/hard/libc_nano.a(libc_a-findfp.o) (_fwalk_sglue)
/opt/st/stm32cubeide_1.14.0/plugins/com.st.stm32cube.ide.mcu.externaltools.gnu-tools-for-stm32.11.3.rel1.linux64_1.1.100.202309141235/tools/bin/../lib/gcc/arm-none-eabi/11.3.1/../../../../arm-none-eabi/lib/thumb/v7e-m+dp/hard/libc_nano.a(libc_a-stdio.o)
                              /opt/st/stm32cubeide_1.14.0/plugins/com.st.stm32cube.ide.mcu.externaltools.gnu-tools-for-stm32.11.3.rel1.linux64_1.1.100.202309141235/tools/bin/../lib/gcc/arm-none-eabi/11.3.1/../../../../arm-none-eabi/lib/thumb/v7e-m+dp/hard/libc_nano.a(libc_a-findfp.o) (__sread)
/opt/st/stm32cubeide_1.14.0/plugins/com.st.stm32cube.ide.mcu.externaltools.gnu-tools-for-stm32.11.3.rel1.linux64_1.1.100.202309141235/tools/bin/../lib/gcc/arm-none-eabi/11.3.1/../../../../arm-none-eabi/lib/thumb/v7e-m+dp/hard/libc_nano.a(libc_a-memset.o)
                              /opt/st/stm32cubeide_1.14.0/plugins/com.st.stm32cube.ide.mcu.externaltools.gnu-tools-for-stm32.11.3.rel1.linux64_1.1.100.202309141235/tools/bin/../lib/gcc/arm-none-eabi/11.3.1/../../../../arm-none-eabi/lib/thumb/v7e-m+dp/hard/crt0.o (memset)
/opt/st/stm32cubeide_1.14.0/plugins/com.st.stm32cube.ide.mcu.externaltools.gnu-tools-for-stm32.11.3.rel1.linux64_1.1.100.202309141235/tools/bin/../lib/gcc/arm-none-eabi/11.3.1/../../../../arm-none-eabi/lib/thumb/v7e-m+dp/hard/libc_nano.a(libc_a-closer.o)
                              /opt/st/stm32cubeide_1.14.0/plugins/com.st.stm32cube.ide.mcu.externaltools.gnu-tools-for-stm32.11.3.rel1.linux64_1.1.100.202309141235/tools/bin/../lib/gcc/arm-none-eabi/11.3.1/../../../../arm-none-eabi/lib/thumb/v7e-m+dp/hard/libc_nano.a(libc_a-stdio.o) (_close_r)
/opt/st/stm32cubeide_1.14.0/plugins/com.st.stm32cube.ide.mcu.externaltools.gnu-tools-for-stm32.11.3.rel1.linux64_1.1.100.202309141235/tools/bin/../lib/gcc/arm-none-eabi/11.3.1/../../../../arm-none-eabi/lib/thumb/v7e-m+dp/hard/libc_nano.a(libc_a-reent.o)
                              /opt/st/stm32cubeide_1.14.0/plugins/com.st.stm32cube.ide.mcu.externaltools.gnu-tools-for-stm32.11.3.rel1.linux64_1.1.100.202309141235/tools/bin/../lib/gcc/arm-none-eabi/11.3.1/../../../../arm-none-eabi/lib/thumb/v7e-m+dp/hard/libc_nano.a(libc_a-closer.o) (errno)
/opt/st/stm32cubeide_1.14.0/plugins/com.st.stm32cube.ide.mcu.externaltools.gnu-tools-for-stm32.11.3.rel1.linux64_1.1.100.202309141235/tools/bin/../lib/gcc/arm-none-eabi/11.3.1/../../../../arm-none-eabi/lib/thumb/v7e-m+dp/hard/libc_nano.a(libc_a-impure.o)
                              /opt/st/stm32cubeide_1.14.0/plugins/com.st.stm32cube.ide.mcu.externaltools.gnu-tools-for-stm32.11.3.rel1.linux64_1.1.100.202309141235/tools/bin/../lib/gcc/arm-none-eabi/11.3.1/../../../../arm-none-eabi/lib/thumb/v7e-m+dp/hard/libc_nano.a(libc_a-reent.o) (_impure_ptr)
/opt/st/stm32cubeide_1.14.0/plugins/com.st.stm32cube.ide.mcu.externaltools.gnu-tools-for-stm32.11.3.rel1.linux64_1.1.100.202309141235/tools/bin/../lib/gcc/arm-none-eabi/11.3.1/../../../../arm-none-eabi/lib/thumb/v7e-m+dp/hard/libc_nano.a(libc_a-lseekr.o)
                              /opt/st/stm32cubeide_1.14.0/plugins/com.st.stm32cube.ide.mcu.externaltools.gnu-tools-for-stm32.11.3.rel1.linux64_1.1.100.202309141235/tools/bin/../lib/gcc/arm-none-eabi/11.3.1/../../../../arm-none-eabi/lib/thumb/v7e-m+dp/hard/libc_nano.a(libc_a-stdio.o) (_lseek_r)
[...]
Memory Configuration

Name             Origin             Length             Attributes
FLASH            0x0000000008100000 0x0000000000100000 xr
RAM              0x0000000010000000 0x0000000000048000 xrw
*default*        0x0000000000000000 0xffffffffffffffff

Linker script and memory map

LOAD /opt/st/stm32cubeide_1.14.0/plugins/com.st.stm32cube.ide.mcu.externaltools.gnu-tools-for-stm32.11.3.rel1.linux64_1.1.100.202309141235/tools/bin/../lib/gcc/arm-none-eabi/11.3.1/thumb/v7e-m+dp/hard/crti.o
LOAD /opt/st/stm32cubeide_1.14.0/plugins/com.st.stm32cube.ide.mcu.externaltools.gnu-tools-for-stm32.11.3.rel1.linux64_1.1.100.202309141235/tools/bin/../lib/gcc/arm-none-eabi/11.3.1/thumb/v7e-m+dp/hard/crtbegin.o
LOAD /opt/st/stm32cubeide_1.14.0/plugins/com.st.stm32cube.ide.mcu.externaltools.gnu-tools-for-stm32.11.3.rel1.linux64_1.1.100.202309141235/tools/bin/../lib/gcc/arm-none-eabi/11.3.1/../../../../arm-none-eabi/lib/thumb/v7e-m+dp/hard/crt0.o
LOAD build/main.o
LOAD build/stm32h7xx_hal_msp.o
LOAD build/stm32h7xx_it.o
LOAD build/syscalls.o
LOAD build/sysmem.o
LOAD build/stm32h7xx_hal.o
LOAD build/stm32h7xx_hal_cortex.o
LOAD build/stm32h7xx_hal_dma.o
LOAD build/stm32h7xx_hal_dma_ex.o
LOAD build/stm32h7xx_hal_exti.o
LOAD build/stm32h7xx_hal_flash.o
LOAD build/stm32h7xx_hal_flash_ex.o
LOAD build/stm32h7xx_hal_gpio.o
LOAD build/stm32h7xx_hal_hsem.o
LOAD build/stm32h7xx_hal_i2c.o
LOAD build/stm32h7xx_hal_i2c_ex.o
LOAD build/stm32h7xx_hal_mdma.o
LOAD build/stm32h7xx_hal_pwr.o
LOAD build/stm32h7xx_hal_pwr_ex.o
LOAD build/stm32h7xx_hal_rcc.o
LOAD build/stm32h7xx_hal_rcc_ex.o
LOAD build/system_stm32h7xx_dualcore_boot_cm4_cm7.o
LOAD build/startup_stm32h745xx_CM4.o
LOAD /opt/st/stm32cubeide_1.14.0/plugins/com.st.stm32cube.ide.mcu.externaltools.gnu-tools-for-stm32.11.3.rel1.linux64_1.1.100.202309141235/tools/bin/../lib/gcc/arm-none-eabi/11.3.1/../../../../arm-none-eabi/lib/thumb/v7e-m+dp/hard/libnosys.a
LOAD /opt/st/stm32cubeide_1.14.0/plugins/com.st.stm32cube.ide.mcu.externaltools.gnu-tools-for-stm32.11.3.rel1.linux64_1.1.100.202309141235/tools/bin/../lib/gcc/arm-none-eabi/11.3.1/../../../../arm-none-eabi/lib/thumb/v7e-m+dp/hard/libstdc++_nano.a
LOAD /opt/st/stm32cubeide_1.14.0/plugins/com.st.stm32cube.ide.mcu.externaltools.gnu-tools-for-stm32.11.3.rel1.linux64_1.1.100.202309141235/tools/bin/../lib/gcc/arm-none-eabi/11.3.1/../../../../arm-none-eabi/lib/thumb/v7e-m+dp/hard/libm.a
LOAD /opt/st/stm32cubeide_1.14.0/plugins/com.st.stm32cube.ide.mcu.externaltools.gnu-tools-for-stm32.11.3.rel1.linux64_1.1.100.202309141235/tools/bin/../lib/gcc/arm-none-eabi/11.3.1/../../../../arm-none-eabi/lib/thumb/v7e-m+dp/hard/libc_nano.a
START GROUP
LOAD /opt/st/stm32cubeide_1.14.0/plugins/com.st.stm32cube.ide.mcu.externaltools.gnu-tools-for-stm32.11.3.rel1.linux64_1.1.100.202309141235/tools/bin/../lib/gcc/arm-none-eabi/11.3.1/thumb/v7e-m+dp/hard/libgcc.a
LOAD /opt/st/stm32cubeide_1.14.0/plugins/com.st.stm32cube.ide.mcu.externaltools.gnu-tools-for-stm32.11.3.rel1.linux64_1.1.100.202309141235/tools/bin/../lib/gcc/arm-none-eabi/11.3.1/../../../../arm-none-eabi/lib/thumb/v7e-m+dp/hard/libc_nano.a
END GROUP
START GROUP
LOAD /opt/st/stm32cubeide_1.14.0/plugins/com.st.stm32cube.ide.mcu.externaltools.gnu-tools-for-stm32.11.3.rel1.linux64_1.1.100.202309141235/tools/bin/../lib/gcc/arm-none-eabi/11.3.1/thumb/v7e-m+dp/hard/libgcc.a
LOAD /opt/st/stm32cubeide_1.14.0/plugins/com.st.stm32cube.ide.mcu.externaltools.gnu-tools-for-stm32.11.3.rel1.linux64_1.1.100.202309141235/tools/bin/../lib/gcc/arm-none-eabi/11.3.1/../../../../arm-none-eabi/lib/thumb/v7e-m+dp/hard/libc_nano.a
END GROUP
LOAD /opt/st/stm32cubeide_1.14.0/plugins/com.st.stm32cube.ide.mcu.externaltools.gnu-tools-for-stm32.11.3.rel1.linux64_1.1.100.202309141235/tools/bin/../lib/gcc/arm-none-eabi/11.3.1/thumb/v7e-m+dp/hard/crtend.o
LOAD /opt/st/stm32cubeide_1.14.0/plugins/com.st.stm32cube.ide.mcu.externaltools.gnu-tools-for-stm32.11.3.rel1.linux64_1.1.100.202309141235/tools/bin/../lib/gcc/arm-none-eabi/11.3.1/thumb/v7e-m+dp/hard/crtn.o
                0x0000000010048000                _estack = 0x10048000
                0x0000000000000200                _Min_Heap_Size = 0x200
                0x0000000000000400                _Min_Stack_Size = 0x400

.isr_vector     0x0000000008100000      0x298
                0x0000000008100000                . = ALIGN (0x4)
 *(.isr_vector)
 .isr_vector    0x0000000008100000      0x298 build/startup_stm32h745xx_CM4.o
                0x0000000008100000                g_pfnVectors
                0x0000000008100298                . = ALIGN (0x4)

.text           0x0000000008100298      0x67c
                0x0000000008100298                . = ALIGN (0x4)
 *(.text)
 .text          0x0000000008100298       0x40 /opt/st/stm32cubeide_1.14.0/plugins/com.st.stm32cube.ide.mcu.externaltools.gnu-tools-for-stm32.11.3.rel1.linux64_1.1.100.202309141235/tools/bin/../lib/gcc/arm-none-eabi/11.3.1/thumb/v7e-m+dp/hard/crtbegin.o
 *(.text*)
 .text.main     0x00000000081002d8       0x70 build/main.o
                0x00000000081002d8                main
 .text.HAL_MspInit
                0x0000000008100348       0x24 build/stm32h7xx_hal_msp.o
                0x0000000008100348                HAL_MspInit
 .text.NMI_Handler
                0x000000000810036c        0x2 build/stm32h7xx_it.o
                0x000000000810036c                NMI_Handler
 .text.HardFault_Handler
                0x000000000810036e        0x2 build/stm32h7xx_it.o
                0x000000000810036e                HardFault_Handler
 .text.MemManage_Handler
                0x0000000008100370        0x2 build/stm32h7xx_it.o
                0x0000000008100370                MemManage_Handler
 .text.BusFault_Handler
                0x0000000008100372        0x2 build/stm32h7xx_it.o
                0x0000000008100372                BusFault_Handler
 .text.UsageFault_Handler
                0x0000000008100374        0x2 build/stm32h7xx_it.o
                0x0000000008100374                UsageFault_Handler
 .text.SVC_Handler
                0x0000000008100376        0x2 build/stm32h7xx_it.o
                0x0000000008100376                SVC_Handler
 .text.DebugMon_Handler
                0x0000000008100378        0x2 build/stm32h7xx_it.o
                0x0000000008100378                DebugMon_Handler
 .text.PendSV_Handler
                0x000000000810037a        0x2 build/stm32h7xx_it.o
                0x000000000810037a                PendSV_Handler
 .text.SysTick_Handler
                0x000000000810037c        0x8 build/stm32h7xx_it.o
                0x000000000810037c                SysTick_Handler
 .text.HAL_InitTick
                0x0000000008100384       0x50 build/stm32h7xx_hal.o
                0x0000000008100384                HAL_InitTick
 .text.HAL_Init
                0x00000000081003d4       0x9c build/stm32h7xx_hal.o
                0x00000000081003d4                HAL_Init
 .text.HAL_IncTick
                0x0000000008100470       0x18 build/stm32h7xx_hal.o
                0x0000000008100470                HAL_IncTick
 .text.HAL_NVIC_SetPriorityGrouping
                0x0000000008100488       0x24 build/stm32h7xx_hal_cortex.o
                0x0000000008100488                HAL_NVIC_SetPriorityGrouping
 .text.HAL_NVIC_SetPriority
                0x00000000081004ac       0x6c build/stm32h7xx_hal_cortex.o
                0x00000000081004ac                HAL_NVIC_SetPriority
 .text.HAL_SYSTICK_Config
                0x0000000008100518       0x28 build/stm32h7xx_hal_cortex.o
                0x0000000008100518                HAL_SYSTICK_Config
 .text.HAL_GetCurrentCPUID
                0x0000000008100540       0x18 build/stm32h7xx_hal_cortex.o
                0x0000000008100540                HAL_GetCurrentCPUID
 .text.HAL_HSEM_ActivateNotification
                0x0000000008100558       0x10 build/stm32h7xx_hal_hsem.o
                0x0000000008100558                HAL_HSEM_ActivateNotification
 .text.HAL_PWREx_EnterSTOPMode
                0x0000000008100568       0xb0 build/stm32h7xx_hal_pwr_ex.o
                0x0000000008100568                HAL_PWREx_EnterSTOPMode
 .text.HAL_PWREx_ClearPendingEvent
                0x0000000008100618       0x14 build/stm32h7xx_hal_pwr_ex.o
                0x0000000008100618                HAL_PWREx_ClearPendingEvent
 .text.HAL_RCC_GetSysClockFreq
                0x000000000810062c      0x1f4 build/stm32h7xx_hal_rcc.o
                0x000000000810062c                HAL_RCC_GetSysClockFreq
 .text.SystemInit
                0x0000000008100820       0x1c build/system_stm32h7xx_dualcore_boot_cm4_cm7.o
                0x0000000008100820                SystemInit
 .text.ExitRun0Mode
                0x000000000810083c       0x20 build/system_stm32h7xx_dualcore_boot_cm4_cm7.o
                0x000000000810083c                ExitRun0Mode
 .text.Reset_Handler
                0x000000000810085c       0x54 build/startup_stm32h745xx_CM4.o
                0x000000000810085c                Reset_Handler
 .text.Default_Handler
                0x00000000081008b0        0x2 build/startup_stm32h745xx_CM4.o
                0x00000000081008b0                RTC_Alarm_IRQHandler
                0x00000000081008b0                EXTI2_IRQHandler
                0x00000000081008b0                TIM8_CC_IRQHandler
                0x00000000081008b0                HRTIM1_Master_IRQHandler
                0x00000000081008b0                UART8_IRQHandler
                0x00000000081008b0                SPI4_IRQHandler
                0x00000000081008b0                TIM1_CC_IRQHandler
                0x00000000081008b0                BDMA_Channel6_IRQHandler
                0x00000000081008b0                DMA2_Stream5_IRQHandler
                0x00000000081008b0                HRTIM1_FLT_IRQHandler
                0x00000000081008b0                JPEG_IRQHandler
                0x00000000081008b0                DMA1_Stream5_IRQHandler
                0x00000000081008b0                BDMA_Channel1_IRQHandler
                0x00000000081008b0                HRTIM1_TIMD_IRQHandler
                0x00000000081008b0                TAMP_STAMP_IRQHandler
                0x00000000081008b0                EXTI3_IRQHandler
                0x00000000081008b0                LPTIM4_IRQHandler
                0x00000000081008b0                TIM8_TRG_COM_TIM14_IRQHandler
                0x00000000081008b0                LPTIM2_IRQHandler
                0x00000000081008b0                DFSDM1_FLT1_IRQHandler
                0x00000000081008b0                DMAMUX2_OVR_IRQHandler
                0x00000000081008b0                TIM8_UP_TIM13_IRQHandler
                0x00000000081008b0                I2C3_ER_IRQHandler
                0x00000000081008b0                DFSDM1_FLT2_IRQHandler
                0x00000000081008b0                MDMA_IRQHandler
                0x00000000081008b0                LPTIM3_IRQHandler
                0x00000000081008b0                HSEM1_IRQHandler
                0x00000000081008b0                EXTI0_IRQHandler
                0x00000000081008b0                I2C2_EV_IRQHandler
                0x00000000081008b0                DMA1_Stream2_IRQHandler
                0x00000000081008b0                FPU_IRQHandler
                0x00000000081008b0                OTG_HS_WKUP_IRQHandler
                0x00000000081008b0                FDCAN1_IT1_IRQHandler
                0x00000000081008b0                LTDC_ER_IRQHandler
                0x00000000081008b0                DMA2_Stream2_IRQHandler
                0x00000000081008b0                HRTIM1_TIME_IRQHandler
                0x00000000081008b0                SPI1_IRQHandler
                0x00000000081008b0                TIM6_DAC_IRQHandler
                0x00000000081008b0                DCMI_IRQHandler
                0x00000000081008b0                HRTIM1_TIMC_IRQHandler
                0x00000000081008b0                DMA2_Stream3_IRQHandler
                0x00000000081008b0                SAI2_IRQHandler
                0x00000000081008b0                DFSDM1_FLT3_IRQHandler
                0x00000000081008b0                USART6_IRQHandler
                0x00000000081008b0                TIM17_IRQHandler
                0x00000000081008b0                USART3_IRQHandler
                0x00000000081008b0                BDMA_Channel7_IRQHandler
                0x00000000081008b0                LPTIM5_IRQHandler
                0x00000000081008b0                UART5_IRQHandler
                0x00000000081008b0                ADC3_IRQHandler
                0x00000000081008b0                DMA2_Stream0_IRQHandler
                0x00000000081008b0                TIM4_IRQHandler
                0x00000000081008b0                BDMA_Channel2_IRQHandler
                0x00000000081008b0                QUADSPI_IRQHandler
                0x00000000081008b0                I2C1_EV_IRQHandler
                0x00000000081008b0                DMA1_Stream6_IRQHandler
                0x00000000081008b0                DMAMUX1_OVR_IRQHandler
                0x00000000081008b0                DMA1_Stream1_IRQHandler
                0x00000000081008b0                TIM16_IRQHandler
                0x00000000081008b0                UART4_IRQHandler
                0x00000000081008b0                BDMA_Channel5_IRQHandler
                0x00000000081008b0                TIM3_IRQHandler
                0x00000000081008b0                RCC_IRQHandler
                0x00000000081008b0                TIM8_BRK_TIM12_IRQHandler
                0x00000000081008b0                TIM1_TRG_COM_IRQHandler
                0x00000000081008b0                Default_Handler
                0x00000000081008b0                ECC_IRQHandler
                0x00000000081008b0                CEC_IRQHandler
                0x00000000081008b0                EXTI15_10_IRQHandler
                0x00000000081008b0                BDMA_Channel0_IRQHandler
                0x00000000081008b0                ADC_IRQHandler
                0x00000000081008b0                DMA1_Stream7_IRQHandler
                0x00000000081008b0                HRTIM1_TIMA_IRQHandler
                0x00000000081008b0                SPI5_IRQHandler
                0x00000000081008b0                TIM7_IRQHandler
                0x00000000081008b0                SDMMC1_IRQHandler
                0x00000000081008b0                TIM5_IRQHandler
                0x00000000081008b0                DMA2_Stream7_IRQHandler
                0x00000000081008b0                TIM15_IRQHandler
                0x00000000081008b0                PVD_AVD_IRQHandler
                0x00000000081008b0                I2C3_EV_IRQHandler
                0x00000000081008b0                EXTI9_5_IRQHandler
                0x00000000081008b0                RTC_WKUP_IRQHandler
                0x00000000081008b0                LTDC_IRQHandler
                0x00000000081008b0                SAI3_IRQHandler
                0x00000000081008b0                ETH_WKUP_IRQHandler
                0x00000000081008b0                SPDIF_RX_IRQHandler
                0x00000000081008b0                SPI2_IRQHandler
                0x00000000081008b0                OTG_HS_EP1_IN_IRQHandler
                0x00000000081008b0                DMA1_Stream0_IRQHandler
                0x00000000081008b0                CRS_IRQHandler
                0x00000000081008b0                CM7_SEV_IRQHandler
                0x00000000081008b0                EXTI4_IRQHandler
                0x00000000081008b0                RNG_IRQHandler
                0x00000000081008b0                CM4_SEV_IRQHandler
                0x00000000081008b0                HRTIM1_TIMB_IRQHandler
                0x00000000081008b0                FDCAN2_IT1_IRQHandler
                0x00000000081008b0                ETH_IRQHandler
                0x00000000081008b0                TIM1_UP_IRQHandler
                0x00000000081008b0                WWDG_RST_IRQHandler
                0x00000000081008b0                BDMA_Channel4_IRQHandler
                0x00000000081008b0                OTG_HS_EP1_OUT_IRQHandler
                0x00000000081008b0                WWDG_IRQHandler
                0x00000000081008b0                SPI6_IRQHandler
                0x00000000081008b0                MDIOS_IRQHandler
                0x00000000081008b0                I2C4_EV_IRQHandler
                0x00000000081008b0                FDCAN2_IT0_IRQHandler
                0x00000000081008b0                LPUART1_IRQHandler
                0x00000000081008b0                FDCAN1_IT0_IRQHandler
                0x00000000081008b0                TIM2_IRQHandler
                0x00000000081008b0                OTG_FS_WKUP_IRQHandler
                0x00000000081008b0                OTG_HS_IRQHandler
                0x00000000081008b0                HSEM2_IRQHandler
                0x00000000081008b0                DMA2D_IRQHandler
                0x00000000081008b0                TIM1_BRK_IRQHandler
                0x00000000081008b0                EXTI1_IRQHandler
                0x00000000081008b0                SDMMC2_IRQHandler
                0x00000000081008b0                OTG_FS_EP1_OUT_IRQHandler
                0x00000000081008b0                BDMA_Channel3_IRQHandler
                0x00000000081008b0                HOLD_CORE_IRQHandler
                0x00000000081008b0                UART7_IRQHandler
                0x00000000081008b0                MDIOS_WKUP_IRQHandler
                0x00000000081008b0                USART2_IRQHandler
                0x00000000081008b0                DFSDM1_FLT0_IRQHandler
                0x00000000081008b0                SAI4_IRQHandler
                0x00000000081008b0                I2C2_ER_IRQHandler
                0x00000000081008b0                DMA2_Stream1_IRQHandler
                0x00000000081008b0                FLASH_IRQHandler
                0x00000000081008b0                DMA2_Stream4_IRQHandler
                0x00000000081008b0                USART1_IRQHandler
                0x00000000081008b0                OTG_FS_IRQHandler
                0x00000000081008b0                SPI3_IRQHandler
                0x00000000081008b0                WAKEUP_PIN_IRQHandler
                0x00000000081008b0                DMA1_Stream4_IRQHandler
                0x00000000081008b0                OTG_FS_EP1_IN_IRQHandler
                0x00000000081008b0                I2C1_ER_IRQHandler
                0x00000000081008b0                FMC_IRQHandler
                0x00000000081008b0                FDCAN_CAL_IRQHandler
                0x00000000081008b0                SWPMI1_IRQHandler
                0x00000000081008b0                COMP1_IRQHandler
                0x00000000081008b0                LPTIM1_IRQHandler
                0x00000000081008b0                I2C4_ER_IRQHandler
                0x00000000081008b0                DMA2_Stream6_IRQHandler
                0x00000000081008b0                SAI1_IRQHandler
                0x00000000081008b0                DMA1_Stream3_IRQHandler
 *fill*         0x00000000081008b2        0x2 
 .text.__libc_init_array
                0x00000000081008b4       0x48 /opt/st/stm32cubeide_1.14.0/plugins/com.st.stm32cube.ide.mcu.externaltools.gnu-tools-for-stm32.11.3.rel1.linux64_1.1.100.202309141235/tools/bin/../lib/gcc/arm-none-eabi/11.3.1/../../../../arm-none-eabi/lib/thumb/v7e-m+dp/hard/libc_nano.a(libc_a-init.o)
                0x00000000081008b4                __libc_init_array
 *(.glue_7)
 .glue_7        0x00000000081008fc        0x0 linker stubs
 *(.glue_7t)
 .glue_7t       0x00000000081008fc        0x0 linker stubs
 *(.eh_frame)
 .eh_frame      0x00000000081008fc        0x0 /opt/st/stm32cubeide_1.14.0/plugins/com.st.stm32cube.ide.mcu.externaltools.gnu-tools-for-stm32.11.3.rel1.linux64_1.1.100.202309141235/tools/bin/../lib/gcc/arm-none-eabi/11.3.1/thumb/v7e-m+dp/hard/crtbegin.o
 *(.init)
 .init          0x00000000081008fc        0x4 /opt/st/stm32cubeide_1.14.0/plugins/com.st.stm32cube.ide.mcu.externaltools.gnu-tools-for-stm32.11.3.rel1.linux64_1.1.100.202309141235/tools/bin/../lib/gcc/arm-none-eabi/11.3.1/thumb/v7e-m+dp/hard/crti.o
                0x00000000081008fc                _init
 .init          0x0000000008100900        0x8 /opt/st/stm32cubeide_1.14.0/plugins/com.st.stm32cube.ide.mcu.externaltools.gnu-tools-for-stm32.11.3.rel1.linux64_1.1.100.202309141235/tools/bin/../lib/gcc/arm-none-eabi/11.3.1/thumb/v7e-m+dp/hard/crtn.o
 *(.fini)
 .fini          0x0000000008100908        0x4 /opt/st/stm32cubeide_1.14.0/plugins/com.st.stm32cube.ide.mcu.externaltools.gnu-tools-for-stm32.11.3.rel1.linux64_1.1.100.202309141235/tools/bin/../lib/gcc/arm-none-eabi/11.3.1/thumb/v7e-m+dp/hard/crti.o
                0x0000000008100908                _fini
 .fini          0x000000000810090c        0x8 /opt/st/stm32cubeide_1.14.0/plugins/com.st.stm32cube.ide.mcu.externaltools.gnu-tools-for-stm32.11.3.rel1.linux64_1.1.100.202309141235/tools/bin/../lib/gcc/arm-none-eabi/11.3.1/thumb/v7e-m+dp/hard/crtn.o
                0x0000000008100914                . = ALIGN (0x4)
                0x0000000008100914                _etext = .

.vfp11_veneer   0x0000000008100914        0x0
 .vfp11_veneer  0x0000000008100914        0x0 linker stubs

.v4_bx          0x0000000008100914        0x0
 .v4_bx         0x0000000008100914        0x0 linker stubs

.iplt           0x0000000008100914        0x0
 .iplt          0x0000000008100914        0x0 /opt/st/stm32cubeide_1.14.0/plugins/com.st.stm32cube.ide.mcu.externaltools.gnu-tools-for-stm32.11.3.rel1.linux64_1.1.100.202309141235/tools/bin/../lib/gcc/arm-none-eabi/11.3.1/thumb/v7e-m+dp/hard/crtbegin.o

.rodata         0x0000000008100914       0x10
                0x0000000008100914                . = ALIGN (0x4)
 *(.rodata)
 *(.rodata*)
 .rodata.D1CorePrescTable
                0x0000000008100914       0x10 build/system_stm32h7xx_dualcore_boot_cm4_cm7.o
                0x0000000008100914                D1CorePrescTable
                0x0000000008100924                . = ALIGN (0x4)

.ARM.extab
 *(.ARM.extab* .gnu.linkonce.armextab.*)

.ARM            0x0000000008100924        0x0
                0x0000000008100924                __exidx_start = .
 *(.ARM.exidx*)
                0x0000000008100924                __exidx_end = .

.preinit_array  0x0000000008100924        0x0
                0x0000000008100924                PROVIDE (__preinit_array_start = .)
 *(.preinit_array*)
                0x0000000008100924                PROVIDE (__preinit_array_end = .)

.init_array     0x0000000008100924        0x4
                0x0000000008100924                PROVIDE (__init_array_start = .)
 *(SORT_BY_NAME(.init_array.*))
 *(.init_array*)
 .init_array    0x0000000008100924        0x4 /opt/st/stm32cubeide_1.14.0/plugins/com.st.stm32cube.ide.mcu.externaltools.gnu-tools-for-stm32.11.3.rel1.linux64_1.1.100.202309141235/tools/bin/../lib/gcc/arm-none-eabi/11.3.1/thumb/v7e-m+dp/hard/crtbegin.o
                0x0000000008100928                PROVIDE (__init_array_end = .)

.fini_array     0x0000000008100928        0x4
                [!provide]                        PROVIDE (__fini_array_start = .)
 *(SORT_BY_NAME(.fini_array.*))
 *(.fini_array*)
 .fini_array    0x0000000008100928        0x4 /opt/st/stm32cubeide_1.14.0/plugins/com.st.stm32cube.ide.mcu.externaltools.gnu-tools-for-stm32.11.3.rel1.linux64_1.1.100.202309141235/tools/bin/../lib/gcc/arm-none-eabi/11.3.1/thumb/v7e-m+dp/hard/crtbegin.o
                [!provide]                        PROVIDE (__fini_array_end = .)
                0x000000000810092c                _sidata = LOADADDR (.data)

.rel.dyn        0x000000000810092c        0x0
 .rel.iplt      0x000000000810092c        0x0 /opt/st/stm32cubeide_1.14.0/plugins/com.st.stm32cube.ide.mcu.externaltools.gnu-tools-for-stm32.11.3.rel1.linux64_1.1.100.202309141235/tools/bin/../lib/gcc/arm-none-eabi/11.3.1/thumb/v7e-m+dp/hard/crtbegin.o

.data           0x0000000010000000       0x10 load address 0x000000000810092c
                0x0000000010000000                . = ALIGN (0x4)
                0x0000000010000000                _sdata = .
 *(.data)
 *(.data*)
 .data.uwTickFreq
                0x0000000010000000        0x1 build/stm32h7xx_hal.o
                0x0000000010000000                uwTickFreq
 *fill*         0x0000000010000001        0x3 
 .data.uwTickPrio
                0x0000000010000004        0x4 build/stm32h7xx_hal.o
                0x0000000010000004                uwTickPrio
 .data.SystemCoreClock
                0x0000000010000008        0x4 build/system_stm32h7xx_dualcore_boot_cm4_cm7.o
                0x0000000010000008                SystemCoreClock
 .data.SystemD2Clock
                0x000000001000000c        0x4 build/system_stm32h7xx_dualcore_boot_cm4_cm7.o
                0x000000001000000c                SystemD2Clock
                0x0000000010000010                . = ALIGN (0x4)
                0x0000000010000010                _edata = .

.igot.plt       0x0000000010000010        0x0 load address 0x000000000810093c
 .igot.plt      0x0000000010000010        0x0 /opt/st/stm32cubeide_1.14.0/plugins/com.st.stm32cube.ide.mcu.externaltools.gnu-tools-for-stm32.11.3.rel1.linux64_1.1.100.202309141235/tools/bin/../lib/gcc/arm-none-eabi/11.3.1/thumb/v7e-m+dp/hard/crtbegin.o
                0x0000000010000010                . = ALIGN (0x4)

.bss            0x0000000010000010       0x20 load address 0x000000000810093c
                0x0000000010000010                _sbss = .
                0x0000000010000010                __bss_start__ = _sbss
 *(.bss)
 .bss           0x0000000010000010       0x1c /opt/st/stm32cubeide_1.14.0/plugins/com.st.stm32cube.ide.mcu.externaltools.gnu-tools-for-stm32.11.3.rel1.linux64_1.1.100.202309141235/tools/bin/../lib/gcc/arm-none-eabi/11.3.1/thumb/v7e-m+dp/hard/crtbegin.o
 *(.bss*)
 .bss.uwTick    0x000000001000002c        0x4 build/stm32h7xx_hal.o
                0x000000001000002c                uwTick
 *(COMMON)
                0x0000000010000030                . = ALIGN (0x4)
                0x0000000010000030                _ebss = .
                0x0000000010000030                __bss_end__ = _ebss

._user_heap_stack
                0x0000000010000030      0x600 load address 0x000000000810093c
                0x0000000010000030                . = ALIGN (0x8)
                [!provide]                        PROVIDE (end = .)
                0x0000000010000030                PROVIDE (_end = .)
                0x0000000010000230                . = (. + _Min_Heap_Size)
 *fill*         0x0000000010000030      0x200 
                0x0000000010000630                . = (. + _Min_Stack_Size)
 *fill*         0x0000000010000230      0x400 
                0x0000000010000630                . = ALIGN (0x8)

/DISCARD/
 libc.a(*)
 libm.a(*)
 libgcc.a(*)

.ARM.attributes
                0x0000000000000000       0x2e
 *(.ARM.attributes)
 .ARM.attributes
                0x0000000000000000       0x1e /opt/st/stm32cubeide_1.14.0/plugins/com.st.stm32cube.ide.mcu.externaltools.gnu-tools-for-stm32.11.3.rel1.linux64_1.1.100.202309141235/tools/bin/../lib/gcc/arm-none-eabi/11.3.1/thumb/v7e-m+dp/hard/crti.o
 .ARM.attributes
                0x000000000000001e       0x32 /opt/st/stm32cubeide_1.14.0/plugins/com.st.stm32cube.ide.mcu.externaltools.gnu-tools-for-stm32.11.3.rel1.linux64_1.1.100.202309141235/tools/bin/../lib/gcc/arm-none-eabi/11.3.1/thumb/v7e-m+dp/hard/crtbegin.o
 .ARM.attributes
                0x0000000000000050       0x32 build/main.o
 .ARM.attributes
                0x0000000000000082       0x32 build/stm32h7xx_hal_msp.o
 .ARM.attributes
                0x00000000000000b4       0x32 build/stm32h7xx_it.o
 .ARM.attributes
                0x00000000000000e6       0x32 build/stm32h7xx_hal.o
 .ARM.attributes
                0x0000000000000118       0x32 build/stm32h7xx_hal_cortex.o
 .ARM.attributes
                0x000000000000014a       0x32 build/stm32h7xx_hal_hsem.o
 .ARM.attributes
                0x000000000000017c       0x32 build/stm32h7xx_hal_pwr_ex.o
 .ARM.attributes
                0x00000000000001ae       0x32 build/stm32h7xx_hal_rcc.o
 .ARM.attributes
                0x00000000000001e0       0x32 build/system_stm32h7xx_dualcore_boot_cm4_cm7.o
 .ARM.attributes
                0x0000000000000212       0x21 build/startup_stm32h745xx_CM4.o
 .ARM.attributes
                0x0000000000000233       0x32 /opt/st/stm32cubeide_1.14.0/plugins/com.st.stm32cube.ide.mcu.externaltools.gnu-tools-for-stm32.11.3.rel1.linux64_1.1.100.202309141235/tools/bin/../lib/gcc/arm-none-eabi/11.3.1/../../../../arm-none-eabi/lib/thumb/v7e-m+dp/hard/libc_nano.a(libc_a-init.o)
 .ARM.attributes
                0x0000000000000265       0x1e /opt/st/stm32cubeide_1.14.0/plugins/com.st.stm32cube.ide.mcu.externaltools.gnu-tools-for-stm32.11.3.rel1.linux64_1.1.100.202309141235/tools/bin/../lib/gcc/arm-none-eabi/11.3.1/thumb/v7e-m+dp/hard/crtn.o
OUTPUT(build/Flight-Computer_CM4.elf elf32-littlearm)
LOAD linker stubs
LOAD /opt/st/stm32cubeide_1.14.0/plugins/com.st.stm32cube.ide.mcu.externaltools.gnu-tools-for-stm32.11.3.rel1.linux64_1.1.100.202309141235/tools/bin/../lib/gcc/arm-none-eabi/11.3.1/../../../../arm-none-eabi/lib/thumb/v7e-m+dp/hard/libc.a
LOAD /opt/st/stm32cubeide_1.14.0/plugins/com.st.stm32cube.ide.mcu.externaltools.gnu-tools-for-stm32.11.3.rel1.linux64_1.1.100.202309141235/tools/bin/../lib/gcc/arm-none-eabi/11.3.1/../../../../arm-none-eabi/lib/thumb/v7e-m+dp/hard/libm.a
LOAD /opt/st/stm32cubeide_1.14.0/plugins/com.st.stm32cube.ide.mcu.externaltools.gnu-tools-for-stm32.11.3.rel1.linux64_1.1.100.202309141235/tools/bin/../lib/gcc/arm-none-eabi/11.3.1/thumb/v7e-m+dp/hard/libgcc.a

.comment        0x0000000000000000       0x43
 .comment       0x0000000000000000       0x43 /opt/st/stm32cubeide_1.14.0/plugins/com.st.stm32cube.ide.mcu.externaltools.gnu-tools-for-stm32.11.3.rel1.linux64_1.1.100.202309141235/tools/bin/../lib/gcc/arm-none-eabi/11.3.1/thumb/v7e-m+dp/hard/crtbegin.o
                                         0x44 (size before relaxing)
 .comment       0x0000000000000043       0x44 build/main.o
 .comment       0x0000000000000043       0x44 build/stm32h7xx_hal_msp.o
 .comment       0x0000000000000043       0x44 build/stm32h7xx_it.o
 .comment       0x0000000000000043       0x44 build/stm32h7xx_hal.o
 .comment       0x0000000000000043       0x44 build/stm32h7xx_hal_cortex.o
 .comment       0x0000000000000043       0x44 build/stm32h7xx_hal_hsem.o
 .comment       0x0000000000000043       0x44 build/stm32h7xx_hal_pwr_ex.o
 .comment       0x0000000000000043       0x44 build/stm32h7xx_hal_rcc.o
 .comment       0x0000000000000043       0x44 build/system_stm32h7xx_dualcore_boot_cm4_cm7.o

.debug_info     0x0000000000000000     0x763f
 .debug_info    0x0000000000000000      0x964 build/main.o
 .debug_info    0x0000000000000964      0x543 build/stm32h7xx_hal_msp.o
 .debug_info    0x0000000000000ea7      0x16d build/stm32h7xx_it.o
 .debug_info    0x0000000000001014     0x1c11 build/stm32h7xx_hal.o
 .debug_info    0x0000000000002c25     0x136a build/stm32h7xx_hal_cortex.o
 .debug_info    0x0000000000003f8f      0x46d build/stm32h7xx_hal_hsem.o
 .debug_info    0x00000000000043fc     0x14d9 build/stm32h7xx_hal_pwr_ex.o
 .debug_info    0x00000000000058d5     0x1411 build/stm32h7xx_hal_rcc.o
 .debug_info    0x0000000000006ce6      0x959 build/system_stm32h7xx_dualcore_boot_cm4_cm7.o

.debug_abbrev   0x0000000000000000     0x120a
 .debug_abbrev  0x0000000000000000      0x1c0 build/main.o
 .debug_abbrev  0x00000000000001c0       0xc8 build/stm32h7xx_hal_msp.o
 .debug_abbrev  0x0000000000000288       0x80 build/stm32h7xx_it.o
 .debug_abbrev  0x0000000000000308      0x2cd build/stm32h7xx_hal.o
 .debug_abbrev  0x00000000000005d5      0x384 build/stm32h7xx_hal_cortex.o
 .debug_abbrev  0x0000000000000959      0x1e3 build/stm32h7xx_hal_hsem.o
 .debug_abbrev  0x0000000000000b3c      0x2ef build/stm32h7xx_hal_pwr_ex.o
 .debug_abbrev  0x0000000000000e2b      0x29b build/stm32h7xx_hal_rcc.o
 .debug_abbrev  0x00000000000010c6      0x144 build/system_stm32h7xx_dualcore_boot_cm4_cm7.o

.debug_loc      0x0000000000000000     0x25cf
 .debug_loc     0x0000000000000000       0x2c build/main.o
 .debug_loc     0x000000000000002c       0x2c build/stm32h7xx_hal_msp.o
 .debug_loc     0x0000000000000058       0x20 build/stm32h7xx_it.o
 .debug_loc     0x0000000000000078      0x696 build/stm32h7xx_hal.o
 .debug_loc     0x000000000000070e      0x813 build/stm32h7xx_hal_cortex.o
 .debug_loc     0x0000000000000f21      0x137 build/stm32h7xx_hal_hsem.o
 .debug_loc     0x0000000000001058      0x862 build/stm32h7xx_hal_pwr_ex.o
 .debug_loc     0x00000000000018ba      0xace build/stm32h7xx_hal_rcc.o
 .debug_loc     0x0000000000002388      0x247 build/system_stm32h7xx_dualcore_boot_cm4_cm7.o

.debug_aranges  0x0000000000000000      0x600
 .debug_aranges
                0x0000000000000000       0x28 build/main.o
 .debug_aranges
                0x0000000000000028       0x20 build/stm32h7xx_hal_msp.o
 .debug_aranges
                0x0000000000000048       0x60 build/stm32h7xx_it.o
 .debug_aranges
                0x00000000000000a8      0x200 build/stm32h7xx_hal.o
 .debug_aranges
                0x00000000000002a8       0xc0 build/stm32h7xx_hal_cortex.o
 .debug_aranges
                0x0000000000000368       0x70 build/stm32h7xx_hal_hsem.o
 .debug_aranges
                0x00000000000003d8      0x170 build/stm32h7xx_hal_pwr_ex.o
 .debug_aranges
                0x0000000000000548       0x88 build/stm32h7xx_hal_rcc.o
 .debug_aranges
                0x00000000000005d0       0x30 build/system_stm32h7xx_dualcore_boot_cm4_cm7.o

.debug_ranges   0x0000000000000000      0x6a0
 .debug_ranges  0x0000000000000000       0x18 build/main.o
 .debug_ranges  0x0000000000000018       0x10 build/stm32h7xx_hal_msp.o
 .debug_ranges  0x0000000000000028       0x50 build/stm32h7xx_it.o
 .debug_ranges  0x0000000000000078      0x1f0 build/stm32h7xx_hal.o
 .debug_ranges  0x0000000000000268      0x110 build/stm32h7xx_hal_cortex.o
 .debug_ranges  0x0000000000000378       0x60 build/stm32h7xx_hal_hsem.o
 .debug_ranges  0x00000000000003d8      0x1c0 build/stm32h7xx_hal_pwr_ex.o
 .debug_ranges  0x0000000000000598       0xe8 build/stm32h7xx_hal_rcc.o
 .debug_ranges  0x0000000000000680       0x20 build/system_stm32h7xx_dualcore_boot_cm4_cm7.o

.debug_line     0x0000000000000000     0x440f
 .debug_line    0x0000000000000000      0x321 build/main.o
 .debug_line    0x0000000000000321      0x216 build/stm32h7xx_hal_msp.o
 .debug_line    0x0000000000000537      0x189 build/stm32h7xx_it.o
 .debug_line    0x00000000000006c0      0xb1a build/stm32h7xx_hal.o
 .debug_line    0x00000000000011da      0x88c build/stm32h7xx_hal_cortex.o
 .debug_line    0x0000000000001a66      0x3d2 build/stm32h7xx_hal_hsem.o
 .debug_line    0x0000000000001e38      0xd09 build/stm32h7xx_hal_pwr_ex.o
 .debug_line    0x0000000000002b41     0x13ca build/stm32h7xx_hal_rcc.o
 .debug_line    0x0000000000003f0b      0x504 build/system_stm32h7xx_dualcore_boot_cm4_cm7.o

.debug_str      0x0000000000000000     0x2937
 .debug_str     0x0000000000000000      0x4c9 build/main.o
                                        0x52f (size before relaxing)
 .debug_str     0x00000000000004c9       0x33 build/stm32h7xx_hal_msp.o
                                        0x3d7 (size before relaxing)
 .debug_str     0x00000000000004fc       0xbe build/stm32h7xx_it.o
                                        0x224 (size before relaxing)
 .debug_str     0x00000000000005ba     0x1249 build/stm32h7xx_hal.o
                                       0x16c4 (size before relaxing)
 .debug_str     0x0000000000001803      0x4a4 build/stm32h7xx_hal_cortex.o
                                        0xfd5 (size before relaxing)
 .debug_str     0x0000000000001ca7      0x146 build/stm32h7xx_hal_hsem.o
                                        0x368 (size before relaxing)
 .debug_str     0x0000000000001ded      0x5b7 build/stm32h7xx_hal_pwr_ex.o
                                        0xa35 (size before relaxing)
 .debug_str     0x00000000000023a4      0x52b build/stm32h7xx_hal_rcc.o
                                        0xa0e (size before relaxing)
 .debug_str     0x00000000000028cf       0x68 build/system_stm32h7xx_dualcore_boot_cm4_cm7.o
                                        0x52e (size before relaxing)

.debug_frame    0x0000000000000000      0xcb0
 .debug_frame   0x0000000000000000       0x38 build/main.o
 .debug_frame   0x0000000000000038       0x28 build/stm32h7xx_hal_msp.o
 .debug_frame   0x0000000000000060       0xa8 build/stm32h7xx_it.o
 .debug_frame   0x0000000000000108      0x440 build/stm32h7xx_hal.o
 .debug_frame   0x0000000000000548      0x178 build/stm32h7xx_hal_cortex.o
 .debug_frame   0x00000000000006c0       0xc8 build/stm32h7xx_hal_hsem.o
 .debug_frame   0x0000000000000788      0x324 build/stm32h7xx_hal_pwr_ex.o
 .debug_frame   0x0000000000000aac      0x18c build/stm32h7xx_hal_rcc.o
 .debug_frame   0x0000000000000c38       0x4c build/system_stm32h7xx_dualcore_boot_cm4_cm7.o
 .debug_frame   0x0000000000000c84       0x2c /opt/st/stm32cubeide_1.14.0/plugins/com.st.stm32cube.ide.mcu.externaltools.gnu-tools-for-stm32.11.3.rel1.linux64_1.1.100.202309141235/tools/bin/../lib/gcc/arm-none-eabi/11.3.1/../../../../arm-none-eabi/lib/thumb/v7e-m+dp/hard/libc_nano.a(libc_a-init.o)

Cross Reference Table

Symbol                                            File
ADC3_IRQHandler                                   build/startup_stm32h745xx_CM4.o
ADC_IRQHandler                                    build/startup_stm32h745xx_CM4.o
BDMA_Channel0_IRQHandler                          build/startup_stm32h745xx_CM4.o
BDMA_Channel1_IRQHandler                          build/startup_stm32h745xx_CM4.o
BDMA_Channel2_IRQHandler                          build/startup_stm32h745xx_CM4.o
BDMA_Channel3_IRQHandler                          build/startup_stm32h745xx_CM4.o
BDMA_Channel4_IRQHandler                          build/startup_stm32h745xx_CM4.o
BDMA_Channel5_IRQHandler                          build/startup_stm32h745xx_CM4.o
BDMA_Channel6_IRQHandler                          build/startup_stm32h745xx_CM4.o
BDMA_Channel7_IRQHandler                          build/startup_stm32h745xx_CM4.o
BusFault_Handler                                  build/stm32h7xx_it.o
CEC_IRQHandler                                    build/startup_stm32h745xx_CM4.o
CM4_SEV_IRQHandler                                build/startup_stm32h745xx_CM4.o
CM7_SEV_IRQHandler                                build/startup_stm32h745xx_CM4.o
COMP1_IRQHandler                                  build/startup_stm32h745xx_CM4.o
CRS_IRQHandler                                    build/startup_stm32h745xx_CM4.o
D1CorePrescTable                                  build/system_stm32h7xx_dualcore_boot_cm4_cm7.o
                                                  build/stm32h7xx_hal_rcc_ex.o
                                                  build/stm32h7xx_hal_rcc.o
                                                  build/stm32h7xx_hal.o
DCMI_IRQHandler                                   build/startup_stm32h745xx_CM4.o
DFSDM1_FLT0_IRQHandler                            build/startup_stm32h745xx_CM4.o
DFSDM1_FLT1_IRQHandler                            build/startup_stm32h745xx_CM4.o
DFSDM1_FLT2_IRQHandler                            build/startup_stm32h745xx_CM4.o
DFSDM1_FLT3_IRQHandler                            build/startup_stm32h745xx_CM4.o
DMA1_Stream0_IRQHandler                           build/startup_stm32h745xx_CM4.o
DMA1_Stream1_IRQHandler                           build/startup_stm32h745xx_CM4.o
DMA1_Stream2_IRQHandler                           build/startup_stm32h745xx_CM4.o
DMA1_Stream3_IRQHandler                           build/startup_stm32h745xx_CM4.o
DMA1_Stream4_IRQHandler                           build/startup_stm32h745xx_CM4.o
DMA1_Stream5_IRQHandler                           build/startup_stm32h745xx_CM4.o
DMA1_Stream6_IRQHandler                           build/startup_stm32h745xx_CM4.o
DMA1_Stream7_IRQHandler                           build/startup_stm32h745xx_CM4.o
DMA2D_IRQHandler                                  build/startup_stm32h745xx_CM4.o
DMA2_Stream0_IRQHandler                           build/startup_stm32h745xx_CM4.o
DMA2_Stream1_IRQHandler                           build/startup_stm32h745xx_CM4.o
DMA2_Stream2_IRQHandler                           build/startup_stm32h745xx_CM4.o
DMA2_Stream3_IRQHandler                           build/startup_stm32h745xx_CM4.o
DMA2_Stream4_IRQHandler                           build/startup_stm32h745xx_CM4.o
DMA2_Stream5_IRQHandler                           build/startup_stm32h745xx_CM4.o
DMA2_Stream6_IRQHandler                           build/startup_stm32h745xx_CM4.o
DMA2_Stream7_IRQHandler                           build/startup_stm32h745xx_CM4.o
DMAMUX1_OVR_IRQHandler                            build/startup_stm32h745xx_CM4.o
DMAMUX2_OVR_IRQHandler                            build/startup_stm32h745xx_CM4.o
DebugMon_Handler                                  build/stm32h7xx_it.o
Default_Handler                                   build/startup_stm32h745xx_CM4.o
ECC_IRQHandler                                    build/startup_stm32h745xx_CM4.o
ETH_IRQHandler                                    build/startup_stm32h745xx_CM4.o
ETH_WKUP_IRQHandler                               build/startup_stm32h745xx_CM4.o
EXTI0_IRQHandler                                  build/startup_stm32h745xx_CM4.o
EXTI15_10_IRQHandler                              build/startup_stm32h745xx_CM4.o
EXTI1_IRQHandler                                  build/startup_stm32h745xx_CM4.o
EXTI2_IRQHandler                                  build/startup_stm32h745xx_CM4.o
EXTI3_IRQHandler                                  build/startup_stm32h745xx_CM4.o
EXTI4_IRQHandler                                  build/startup_stm32h745xx_CM4.o
EXTI9_5_IRQHandler                                build/startup_stm32h745xx_CM4.o
Error_Handler                                     build/main.o
ExitRun0Mode                                      build/system_stm32h7xx_dualcore_boot_cm4_cm7.o
                                                  build/startup_stm32h745xx_CM4.o
FDCAN1_IT0_IRQHandler                             build/startup_stm32h745xx_CM4.o
FDCAN1_IT1_IRQHandler                             build/startup_stm32h745xx_CM4.o
FDCAN2_IT0_IRQHandler                             build/startup_stm32h745xx_CM4.o
FDCAN2_IT1_IRQHandler                             build/startup_stm32h745xx_CM4.o
FDCAN_CAL_IRQHandler                              build/startup_stm32h745xx_CM4.o
FLASH_CRC_WaitForLastOperation                    build/stm32h7xx_hal_flash.o
                                                  build/stm32h7xx_hal_flash_ex.o
FLASH_Erase_Sector                                build/stm32h7xx_hal_flash_ex.o
                                                  build/stm32h7xx_hal_flash.o
FLASH_IRQHandler                                  build/startup_stm32h745xx_CM4.o
FLASH_OB_WaitForLastOperation                     build/stm32h7xx_hal_flash.o
                                                  build/stm32h7xx_hal_flash_ex.o
FLASH_WaitForLastOperation                        build/stm32h7xx_hal_flash.o
                                                  build/stm32h7xx_hal_flash_ex.o
FMC_IRQHandler                                    build/startup_stm32h745xx_CM4.o
FPU_IRQHandler                                    build/startup_stm32h745xx_CM4.o
HAL_DBGMCU_DisableDBGSleepMode                    build/stm32h7xx_hal.o
HAL_DBGMCU_DisableDBGStandbyMode                  build/stm32h7xx_hal.o
HAL_DBGMCU_DisableDBGStopMode                     build/stm32h7xx_hal.o
HAL_DBGMCU_EnableDBGSleepMode                     build/stm32h7xx_hal.o
HAL_DBGMCU_EnableDBGStandbyMode                   build/stm32h7xx_hal.o
HAL_DBGMCU_EnableDBGStopMode                      build/stm32h7xx_hal.o
HAL_DMAEx_ChangeMemory                            build/stm32h7xx_hal_dma_ex.o
HAL_DMAEx_ConfigMuxRequestGenerator               build/stm32h7xx_hal_dma_ex.o
HAL_DMAEx_ConfigMuxSync                           build/stm32h7xx_hal_dma_ex.o
HAL_DMAEx_DisableMuxRequestGenerator              build/stm32h7xx_hal_dma_ex.o
HAL_DMAEx_EnableMuxRequestGenerator               build/stm32h7xx_hal_dma_ex.o
HAL_DMAEx_MUX_IRQHandler                          build/stm32h7xx_hal_dma_ex.o
HAL_DMAEx_MultiBufferStart                        build/stm32h7xx_hal_dma_ex.o
HAL_DMAEx_MultiBufferStart_IT                     build/stm32h7xx_hal_dma_ex.o
HAL_DMA_Abort                                     build/stm32h7xx_hal_dma.o
HAL_DMA_Abort_IT                                  build/stm32h7xx_hal_dma.o
                                                  build/stm32h7xx_hal_i2c.o
HAL_DMA_DeInit                                    build/stm32h7xx_hal_dma.o
HAL_DMA_GetError                                  build/stm32h7xx_hal_dma.o
                                                  build/stm32h7xx_hal_i2c.o
HAL_DMA_GetState                                  build/stm32h7xx_hal_dma.o
                                                  build/stm32h7xx_hal_i2c.o
HAL_DMA_IRQHandler                                build/stm32h7xx_hal_dma.o
HAL_DMA_Init                                      build/stm32h7xx_hal_dma.o
HAL_DMA_PollForTransfer                           build/stm32h7xx_hal_dma.o
HAL_DMA_RegisterCallback                          build/stm32h7xx_hal_dma.o
HAL_DMA_Start                                     build/stm32h7xx_hal_dma.o
HAL_DMA_Start_IT                                  build/stm32h7xx_hal_dma.o
                                                  build/stm32h7xx_hal_i2c.o
HAL_DMA_UnRegisterCallback                        build/stm32h7xx_hal_dma.o
HAL_DeInit                                        build/stm32h7xx_hal.o
HAL_Delay                                         build/stm32h7xx_hal.o
HAL_DisableCompensationCell                       build/stm32h7xx_hal.o
HAL_DisableDomain2DBGSleepMode                    build/stm32h7xx_hal.o
HAL_DisableDomain2DBGStandbyMode                  build/stm32h7xx_hal.o
HAL_DisableDomain2DBGStopMode                     build/stm32h7xx_hal.o
HAL_EXTI_ClearConfigLine                          build/stm32h7xx_hal_exti.o
HAL_EXTI_ClearPending                             build/stm32h7xx_hal_exti.o
HAL_EXTI_D1_ClearFlag                             build/stm32h7xx_hal.o
HAL_EXTI_D1_EventInputConfig                      build/stm32h7xx_hal.o
HAL_EXTI_D2_ClearFlag                             build/stm32h7xx_hal.o
HAL_EXTI_D2_EventInputConfig                      build/stm32h7xx_hal.o
HAL_EXTI_D3_EventInputConfig                      build/stm32h7xx_hal.o
HAL_EXTI_EdgeConfig                               build/stm32h7xx_hal.o
HAL_EXTI_GenerateSWI                              build/stm32h7xx_hal_exti.o
HAL_EXTI_GenerateSWInterrupt                      build/stm32h7xx_hal.o
HAL_EXTI_GetConfigLine                            build/stm32h7xx_hal_exti.o
HAL_EXTI_GetHandle                                build/stm32h7xx_hal_exti.o
HAL_EXTI_GetPending                               build/stm32h7xx_hal_exti.o
HAL_EXTI_IRQHandler                               build/stm32h7xx_hal_exti.o
HAL_EXTI_RegisterCallback                         build/stm32h7xx_hal_exti.o
HAL_EXTI_SetConfigLine                            build/stm32h7xx_hal_exti.o
HAL_EnableCompensationCell                        build/stm32h7xx_hal.o
HAL_EnableDomain2DBGSleepMode                     build/stm32h7xx_hal.o
HAL_EnableDomain2DBGStandbyMode                   build/stm32h7xx_hal.o
HAL_EnableDomain2DBGStopMode                      build/stm32h7xx_hal.o
HAL_FLASHEx_ComputeCRC                            build/stm32h7xx_hal_flash_ex.o
HAL_FLASHEx_Erase                                 build/stm32h7xx_hal_flash_ex.o
HAL_FLASHEx_Erase_IT                              build/stm32h7xx_hal_flash_ex.o
HAL_FLASHEx_Lock_Bank1                            build/stm32h7xx_hal_flash_ex.o
HAL_FLASHEx_Lock_Bank2                            build/stm32h7xx_hal_flash_ex.o
HAL_FLASHEx_OBGetConfig                           build/stm32h7xx_hal_flash_ex.o
HAL_FLASHEx_OBProgram                             build/stm32h7xx_hal_flash_ex.o
HAL_FLASHEx_Unlock_Bank1                          build/stm32h7xx_hal_flash_ex.o
HAL_FLASHEx_Unlock_Bank2                          build/stm32h7xx_hal_flash_ex.o
HAL_FLASH_EndOfOperationCallback                  build/stm32h7xx_hal_flash.o
HAL_FLASH_GetError                                build/stm32h7xx_hal_flash.o
HAL_FLASH_IRQHandler                              build/stm32h7xx_hal_flash.o
HAL_FLASH_Lock                                    build/stm32h7xx_hal_flash.o
HAL_FLASH_OB_Launch                               build/stm32h7xx_hal_flash.o
HAL_FLASH_OB_Lock                                 build/stm32h7xx_hal_flash.o
HAL_FLASH_OB_Unlock                               build/stm32h7xx_hal_flash.o
HAL_FLASH_OperationErrorCallback                  build/stm32h7xx_hal_flash.o
HAL_FLASH_Program                                 build/stm32h7xx_hal_flash.o
HAL_FLASH_Program_IT                              build/stm32h7xx_hal_flash.o
HAL_FLASH_Unlock                                  build/stm32h7xx_hal_flash.o
HAL_GPIO_DeInit                                   build/stm32h7xx_hal_gpio.o
HAL_GPIO_EXTI_Callback                            build/stm32h7xx_hal_gpio.o
HAL_GPIO_EXTI_IRQHandler                          build/stm32h7xx_hal_gpio.o
HAL_GPIO_Init                                     build/stm32h7xx_hal_gpio.o
                                                  build/stm32h7xx_hal_rcc.o
HAL_GPIO_LockPin                                  build/stm32h7xx_hal_gpio.o
HAL_GPIO_ReadPin                                  build/stm32h7xx_hal_gpio.o
HAL_GPIO_TogglePin                                build/stm32h7xx_hal_gpio.o
HAL_GPIO_WritePin                                 build/stm32h7xx_hal_gpio.o
HAL_GetCurrentCPUID                               build/stm32h7xx_hal_cortex.o
                                                  build/stm32h7xx_hal_pwr_ex.o
                                                  build/stm32h7xx_hal_pwr.o
                                                  build/stm32h7xx_hal_exti.o
HAL_GetDEVID                                      build/stm32h7xx_hal.o
HAL_GetFMCMemorySwappingConfig                    build/stm32h7xx_hal.o
HAL_GetHalVersion                                 build/stm32h7xx_hal.o
HAL_GetREVID                                      build/stm32h7xx_hal.o
                                                  build/stm32h7xx_hal_rcc_ex.o
                                                  build/stm32h7xx_hal_rcc.o
HAL_GetTick                                       build/stm32h7xx_hal.o
                                                  build/stm32h7xx_hal_rcc_ex.o
                                                  build/stm32h7xx_hal_rcc.o
                                                  build/stm32h7xx_hal_pwr_ex.o
                                                  build/stm32h7xx_hal_mdma.o
                                                  build/stm32h7xx_hal_i2c.o
                                                  build/stm32h7xx_hal_flash.o
                                                  build/stm32h7xx_hal_dma.o
HAL_GetTickFreq                                   build/stm32h7xx_hal.o
HAL_GetTickPrio                                   build/stm32h7xx_hal.o
HAL_GetUIDw0                                      build/stm32h7xx_hal.o
HAL_GetUIDw1                                      build/stm32h7xx_hal.o
HAL_GetUIDw2                                      build/stm32h7xx_hal.o
HAL_HSEM_ActivateNotification                     build/stm32h7xx_hal_hsem.o
                                                  build/main.o
HAL_HSEM_DeactivateNotification                   build/stm32h7xx_hal_hsem.o
HAL_HSEM_FastTake                                 build/stm32h7xx_hal_hsem.o
HAL_HSEM_FreeCallback                             build/stm32h7xx_hal_hsem.o
HAL_HSEM_GetClearKey                              build/stm32h7xx_hal_hsem.o
HAL_HSEM_IRQHandler                               build/stm32h7xx_hal_hsem.o
HAL_HSEM_IsSemTaken                               build/stm32h7xx_hal_hsem.o
HAL_HSEM_Release                                  build/stm32h7xx_hal_hsem.o
HAL_HSEM_ReleaseAll                               build/stm32h7xx_hal_hsem.o
HAL_HSEM_SetClearKey                              build/stm32h7xx_hal_hsem.o
HAL_HSEM_Take                                     build/stm32h7xx_hal_hsem.o
HAL_I2CEx_ConfigAnalogFilter                      build/stm32h7xx_hal_i2c_ex.o
HAL_I2CEx_ConfigDigitalFilter                     build/stm32h7xx_hal_i2c_ex.o
HAL_I2CEx_DisableFastModePlus                     build/stm32h7xx_hal_i2c_ex.o
HAL_I2CEx_DisableWakeUp                           build/stm32h7xx_hal_i2c_ex.o
HAL_I2CEx_EnableFastModePlus                      build/stm32h7xx_hal_i2c_ex.o
HAL_I2CEx_EnableWakeUp                            build/stm32h7xx_hal_i2c_ex.o
HAL_I2C_AbortCpltCallback                         build/stm32h7xx_hal_i2c.o
HAL_I2C_AddrCallback                              build/stm32h7xx_hal_i2c.o
HAL_I2C_DeInit                                    build/stm32h7xx_hal_i2c.o
HAL_I2C_DisableListen_IT                          build/stm32h7xx_hal_i2c.o
HAL_I2C_ER_IRQHandler                             build/stm32h7xx_hal_i2c.o
HAL_I2C_EV_IRQHandler                             build/stm32h7xx_hal_i2c.o
HAL_I2C_EnableListen_IT                           build/stm32h7xx_hal_i2c.o
HAL_I2C_ErrorCallback                             build/stm32h7xx_hal_i2c.o
HAL_I2C_GetError                                  build/stm32h7xx_hal_i2c.o
HAL_I2C_GetMode                                   build/stm32h7xx_hal_i2c.o
HAL_I2C_GetState                                  build/stm32h7xx_hal_i2c.o
HAL_I2C_Init                                      build/stm32h7xx_hal_i2c.o
HAL_I2C_IsDeviceReady                             build/stm32h7xx_hal_i2c.o
HAL_I2C_ListenCpltCallback                        build/stm32h7xx_hal_i2c.o
HAL_I2C_MasterRxCpltCallback                      build/stm32h7xx_hal_i2c.o
HAL_I2C_MasterTxCpltCallback                      build/stm32h7xx_hal_i2c.o
HAL_I2C_Master_Abort_IT                           build/stm32h7xx_hal_i2c.o
HAL_I2C_Master_Receive                            build/stm32h7xx_hal_i2c.o
HAL_I2C_Master_Receive_DMA                        build/stm32h7xx_hal_i2c.o
HAL_I2C_Master_Receive_IT                         build/stm32h7xx_hal_i2c.o
HAL_I2C_Master_Seq_Receive_DMA                    build/stm32h7xx_hal_i2c.o
HAL_I2C_Master_Seq_Receive_IT                     build/stm32h7xx_hal_i2c.o
HAL_I2C_Master_Seq_Transmit_DMA                   build/stm32h7xx_hal_i2c.o
HAL_I2C_Master_Seq_Transmit_IT                    build/stm32h7xx_hal_i2c.o
HAL_I2C_Master_Transmit                           build/stm32h7xx_hal_i2c.o
HAL_I2C_Master_Transmit_DMA                       build/stm32h7xx_hal_i2c.o
HAL_I2C_Master_Transmit_IT                        build/stm32h7xx_hal_i2c.o
HAL_I2C_MemRxCpltCallback                         build/stm32h7xx_hal_i2c.o
HAL_I2C_MemTxCpltCallback                         build/stm32h7xx_hal_i2c.o
HAL_I2C_Mem_Read                                  build/stm32h7xx_hal_i2c.o
HAL_I2C_Mem_Read_DMA                              build/stm32h7xx_hal_i2c.o
HAL_I2C_Mem_Read_IT                               build/stm32h7xx_hal_i2c.o
HAL_I2C_Mem_Write                                 build/stm32h7xx_hal_i2c.o
HAL_I2C_Mem_Write_DMA                             build/stm32h7xx_hal_i2c.o
HAL_I2C_Mem_Write_IT                              build/stm32h7xx_hal_i2c.o
HAL_I2C_MspDeInit                                 build/stm32h7xx_hal_i2c.o
HAL_I2C_MspInit                                   build/stm32h7xx_hal_i2c.o
HAL_I2C_SlaveRxCpltCallback                       build/stm32h7xx_hal_i2c.o
HAL_I2C_SlaveTxCpltCallback                       build/stm32h7xx_hal_i2c.o
HAL_I2C_Slave_Receive                             build/stm32h7xx_hal_i2c.o
HAL_I2C_Slave_Receive_DMA                         build/stm32h7xx_hal_i2c.o
HAL_I2C_Slave_Receive_IT                          build/stm32h7xx_hal_i2c.o
HAL_I2C_Slave_Seq_Receive_DMA                     build/stm32h7xx_hal_i2c.o
HAL_I2C_Slave_Seq_Receive_IT                      build/stm32h7xx_hal_i2c.o
HAL_I2C_Slave_Seq_Transmit_DMA                    build/stm32h7xx_hal_i2c.o
HAL_I2C_Slave_Seq_Transmit_IT                     build/stm32h7xx_hal_i2c.o
HAL_I2C_Slave_Transmit                            build/stm32h7xx_hal_i2c.o
HAL_I2C_Slave_Transmit_DMA                        build/stm32h7xx_hal_i2c.o
HAL_I2C_Slave_Transmit_IT                         build/stm32h7xx_hal_i2c.o
HAL_IncTick                                       build/stm32h7xx_hal.o
                                                  build/stm32h7xx_it.o
HAL_Init                                          build/stm32h7xx_hal.o
                                                  build/main.o
HAL_InitTick                                      build/stm32h7xx_hal.o
                                                  build/stm32h7xx_hal_rcc.o
HAL_MDMA_Abort                                    build/stm32h7xx_hal_mdma.o
HAL_MDMA_Abort_IT                                 build/stm32h7xx_hal_mdma.o
HAL_MDMA_ConfigPostRequestMask                    build/stm32h7xx_hal_mdma.o
HAL_MDMA_DeInit                                   build/stm32h7xx_hal_mdma.o
HAL_MDMA_GenerateSWRequest                        build/stm32h7xx_hal_mdma.o
HAL_MDMA_GetError                                 build/stm32h7xx_hal_mdma.o
HAL_MDMA_GetState                                 build/stm32h7xx_hal_mdma.o
HAL_MDMA_IRQHandler                               build/stm32h7xx_hal_mdma.o
HAL_MDMA_Init                                     build/stm32h7xx_hal_mdma.o
HAL_MDMA_LinkedList_AddNode                       build/stm32h7xx_hal_mdma.o
HAL_MDMA_LinkedList_CreateNode                    build/stm32h7xx_hal_mdma.o
HAL_MDMA_LinkedList_DisableCircularMode           build/stm32h7xx_hal_mdma.o
HAL_MDMA_LinkedList_EnableCircularMode            build/stm32h7xx_hal_mdma.o
HAL_MDMA_LinkedList_RemoveNode                    build/stm32h7xx_hal_mdma.o
HAL_MDMA_PollForTransfer                          build/stm32h7xx_hal_mdma.o
HAL_MDMA_RegisterCallback                         build/stm32h7xx_hal_mdma.o
HAL_MDMA_Start                                    build/stm32h7xx_hal_mdma.o
HAL_MDMA_Start_IT                                 build/stm32h7xx_hal_mdma.o
HAL_MDMA_UnRegisterCallback                       build/stm32h7xx_hal_mdma.o
HAL_MPU_ConfigRegion                              build/stm32h7xx_hal_cortex.o
HAL_MPU_Disable                                   build/stm32h7xx_hal_cortex.o
HAL_MPU_DisableRegion                             build/stm32h7xx_hal_cortex.o
HAL_MPU_Enable                                    build/stm32h7xx_hal_cortex.o
HAL_MPU_EnableRegion                              build/stm32h7xx_hal_cortex.o
HAL_MspDeInit                                     build/stm32h7xx_hal.o
HAL_MspInit                                       build/stm32h7xx_hal_msp.o
HAL_NVIC_ClearPendingIRQ                          build/stm32h7xx_hal_cortex.o
HAL_NVIC_DisableIRQ                               build/stm32h7xx_hal_cortex.o
HAL_NVIC_EnableIRQ                                build/stm32h7xx_hal_cortex.o
HAL_NVIC_GetActive                                build/stm32h7xx_hal_cortex.o
HAL_NVIC_GetPendingIRQ                            build/stm32h7xx_hal_cortex.o
HAL_NVIC_GetPriority                              build/stm32h7xx_hal_cortex.o
HAL_NVIC_GetPriorityGrouping                      build/stm32h7xx_hal_cortex.o
HAL_NVIC_SetPendingIRQ                            build/stm32h7xx_hal_cortex.o
HAL_NVIC_SetPriority                              build/stm32h7xx_hal_cortex.o
                                                  build/stm32h7xx_hal.o
HAL_NVIC_SetPriorityGrouping                      build/stm32h7xx_hal_cortex.o
                                                  build/stm32h7xx_hal.o
HAL_NVIC_SystemReset                              build/stm32h7xx_hal_cortex.o
HAL_PWREx_AVDCallback                             build/stm32h7xx_hal_pwr_ex.o
HAL_PWREx_ClearDomainFlags                        build/stm32h7xx_hal_pwr_ex.o
HAL_PWREx_ClearPendingEvent                       build/stm32h7xx_hal_pwr_ex.o
                                                  build/main.o
HAL_PWREx_ClearWakeupFlag                         build/stm32h7xx_hal_pwr_ex.o
HAL_PWREx_ConfigAVD                               build/stm32h7xx_hal_pwr_ex.o
HAL_PWREx_ConfigD3Domain                          build/stm32h7xx_hal_pwr_ex.o
HAL_PWREx_ConfigSupply                            build/stm32h7xx_hal_pwr_ex.o
HAL_PWREx_ControlStopModeVoltageScaling           build/stm32h7xx_hal_pwr_ex.o
HAL_PWREx_ControlVoltageScaling                   build/stm32h7xx_hal_pwr_ex.o
HAL_PWREx_DisableAVD                              build/stm32h7xx_hal_pwr_ex.o
HAL_PWREx_DisableBatteryCharging                  build/stm32h7xx_hal_pwr_ex.o
HAL_PWREx_DisableBkUpReg                          build/stm32h7xx_hal_pwr_ex.o
HAL_PWREx_DisableFlashPowerDown                   build/stm32h7xx_hal_pwr_ex.o
HAL_PWREx_DisableMonitoring                       build/stm32h7xx_hal_pwr_ex.o
HAL_PWREx_DisableUSBReg                           build/stm32h7xx_hal_pwr_ex.o
HAL_PWREx_DisableUSBVoltageDetector               build/stm32h7xx_hal_pwr_ex.o
HAL_PWREx_DisableWakeUpPin                        build/stm32h7xx_hal_pwr_ex.o
HAL_PWREx_EnableAVD                               build/stm32h7xx_hal_pwr_ex.o
HAL_PWREx_EnableBatteryCharging                   build/stm32h7xx_hal_pwr_ex.o
HAL_PWREx_EnableBkUpReg                           build/stm32h7xx_hal_pwr_ex.o
HAL_PWREx_EnableFlashPowerDown                    build/stm32h7xx_hal_pwr_ex.o
HAL_PWREx_EnableMonitoring                        build/stm32h7xx_hal_pwr_ex.o
HAL_PWREx_EnableUSBReg                            build/stm32h7xx_hal_pwr_ex.o
HAL_PWREx_EnableUSBVoltageDetector                build/stm32h7xx_hal_pwr_ex.o
HAL_PWREx_EnableWakeUpPin                         build/stm32h7xx_hal_pwr_ex.o
HAL_PWREx_EnterSTANDBYMode                        build/stm32h7xx_hal_pwr_ex.o
HAL_PWREx_EnterSTOPMode                           build/stm32h7xx_hal_pwr_ex.o
                                                  build/main.o
HAL_PWREx_GetStopModeVoltageRange                 build/stm32h7xx_hal_pwr_ex.o
HAL_PWREx_GetSupplyConfig                         build/stm32h7xx_hal_pwr_ex.o
HAL_PWREx_GetTemperatureLevel                     build/stm32h7xx_hal_pwr_ex.o
HAL_PWREx_GetVBATLevel                            build/stm32h7xx_hal_pwr_ex.o
HAL_PWREx_GetVoltageRange                         build/stm32h7xx_hal_pwr_ex.o
HAL_PWREx_GetWakeupFlag                           build/stm32h7xx_hal_pwr_ex.o
HAL_PWREx_HoldCore                                build/stm32h7xx_hal_pwr_ex.o
HAL_PWREx_PVD_AVD_IRQHandler                      build/stm32h7xx_hal_pwr_ex.o
HAL_PWREx_ReleaseCore                             build/stm32h7xx_hal_pwr_ex.o
HAL_PWREx_WAKEUP_PIN_IRQHandler                   build/stm32h7xx_hal_pwr_ex.o
HAL_PWREx_WKUP1_Callback                          build/stm32h7xx_hal_pwr_ex.o
HAL_PWREx_WKUP2_Callback                          build/stm32h7xx_hal_pwr_ex.o
HAL_PWREx_WKUP3_Callback                          build/stm32h7xx_hal_pwr_ex.o
HAL_PWREx_WKUP4_Callback                          build/stm32h7xx_hal_pwr_ex.o
HAL_PWREx_WKUP5_Callback                          build/stm32h7xx_hal_pwr_ex.o
HAL_PWREx_WKUP6_Callback                          build/stm32h7xx_hal_pwr_ex.o
HAL_PWR_ConfigPVD                                 build/stm32h7xx_hal_pwr.o
HAL_PWR_DeInit                                    build/stm32h7xx_hal_pwr.o
HAL_PWR_DisableBkUpAccess                         build/stm32h7xx_hal_pwr.o
HAL_PWR_DisablePVD                                build/stm32h7xx_hal_pwr.o
HAL_PWR_DisableSEVOnPend                          build/stm32h7xx_hal_pwr.o
HAL_PWR_DisableSleepOnExit                        build/stm32h7xx_hal_pwr.o
HAL_PWR_DisableWakeUpPin                          build/stm32h7xx_hal_pwr.o
HAL_PWR_EnableBkUpAccess                          build/stm32h7xx_hal_pwr.o
HAL_PWR_EnablePVD                                 build/stm32h7xx_hal_pwr.o
HAL_PWR_EnableSEVOnPend                           build/stm32h7xx_hal_pwr.o
HAL_PWR_EnableSleepOnExit                         build/stm32h7xx_hal_pwr.o
HAL_PWR_EnableWakeUpPin                           build/stm32h7xx_hal_pwr.o
HAL_PWR_EnterSLEEPMode                            build/stm32h7xx_hal_pwr.o
HAL_PWR_EnterSTANDBYMode                          build/stm32h7xx_hal_pwr.o
HAL_PWR_EnterSTOPMode                             build/stm32h7xx_hal_pwr.o
HAL_PWR_PVDCallback                               build/stm32h7xx_hal_pwr.o
                                                  build/stm32h7xx_hal_pwr_ex.o
HAL_PWR_PVD_IRQHandler                            build/stm32h7xx_hal_pwr.o
HAL_RCCEx_CRSConfig                               build/stm32h7xx_hal_rcc_ex.o
HAL_RCCEx_CRSGetSynchronizationInfo               build/stm32h7xx_hal_rcc_ex.o
HAL_RCCEx_CRSSoftwareSynchronizationGenerate      build/stm32h7xx_hal_rcc_ex.o
HAL_RCCEx_CRSWaitSynchronization                  build/stm32h7xx_hal_rcc_ex.o
HAL_RCCEx_CRS_ErrorCallback                       build/stm32h7xx_hal_rcc_ex.o
HAL_RCCEx_CRS_ExpectedSyncCallback                build/stm32h7xx_hal_rcc_ex.o
HAL_RCCEx_CRS_IRQHandler                          build/stm32h7xx_hal_rcc_ex.o
HAL_RCCEx_CRS_SyncOkCallback                      build/stm32h7xx_hal_rcc_ex.o
HAL_RCCEx_CRS_SyncWarnCallback                    build/stm32h7xx_hal_rcc_ex.o
HAL_RCCEx_DisableLSECSS                           build/stm32h7xx_hal_rcc_ex.o
HAL_RCCEx_EnableBootCore                          build/stm32h7xx_hal_rcc_ex.o
HAL_RCCEx_EnableLSECSS                            build/stm32h7xx_hal_rcc_ex.o
HAL_RCCEx_EnableLSECSS_IT                         build/stm32h7xx_hal_rcc_ex.o
HAL_RCCEx_GetD1PCLK1Freq                          build/stm32h7xx_hal_rcc_ex.o
HAL_RCCEx_GetD1SysClockFreq                       build/stm32h7xx_hal_rcc_ex.o
HAL_RCCEx_GetD3PCLK1Freq                          build/stm32h7xx_hal_rcc_ex.o
HAL_RCCEx_GetPLL1ClockFreq                        build/stm32h7xx_hal_rcc_ex.o
HAL_RCCEx_GetPLL2ClockFreq                        build/stm32h7xx_hal_rcc_ex.o
HAL_RCCEx_GetPLL3ClockFreq                        build/stm32h7xx_hal_rcc_ex.o
HAL_RCCEx_GetPeriphCLKConfig                      build/stm32h7xx_hal_rcc_ex.o
HAL_RCCEx_GetPeriphCLKFreq                        build/stm32h7xx_hal_rcc_ex.o
HAL_RCCEx_KerWakeUpStopCLKConfig                  build/stm32h7xx_hal_rcc_ex.o
HAL_RCCEx_LSECSS_Callback                         build/stm32h7xx_hal_rcc_ex.o
HAL_RCCEx_LSECSS_IRQHandler                       build/stm32h7xx_hal_rcc_ex.o
HAL_RCCEx_PeriphCLKConfig                         build/stm32h7xx_hal_rcc_ex.o
HAL_RCCEx_WWDGxSysResetConfig                     build/stm32h7xx_hal_rcc_ex.o
HAL_RCCEx_WakeUpStopCLKConfig                     build/stm32h7xx_hal_rcc_ex.o
HAL_RCC_CSSCallback                               build/stm32h7xx_hal_rcc.o
HAL_RCC_ClockConfig                               build/stm32h7xx_hal_rcc.o
HAL_RCC_DeInit                                    build/stm32h7xx_hal_rcc.o
HAL_RCC_DisableCSS                                build/stm32h7xx_hal_rcc.o
HAL_RCC_EnableCSS                                 build/stm32h7xx_hal_rcc.o
HAL_RCC_GetClockConfig                            build/stm32h7xx_hal_rcc.o
HAL_RCC_GetHCLKFreq                               build/stm32h7xx_hal_rcc.o
                                                  build/stm32h7xx_hal_rcc_ex.o
HAL_RCC_GetOscConfig                              build/stm32h7xx_hal_rcc.o
HAL_RCC_GetPCLK1Freq                              build/stm32h7xx_hal_rcc.o
                                                  build/stm32h7xx_hal_rcc_ex.o
HAL_RCC_GetPCLK2Freq                              build/stm32h7xx_hal_rcc.o
HAL_RCC_GetSysClockFreq                           build/stm32h7xx_hal_rcc.o
                                                  build/stm32h7xx_hal_rcc_ex.o
                                                  build/stm32h7xx_hal.o
HAL_RCC_MCOConfig                                 build/stm32h7xx_hal_rcc.o
HAL_RCC_NMI_IRQHandler                            build/stm32h7xx_hal_rcc.o
HAL_RCC_OscConfig                                 build/stm32h7xx_hal_rcc.o
HAL_ResumeTick                                    build/stm32h7xx_hal.o
HAL_SYSCFG_AnalogSwitchConfig                     build/stm32h7xx_hal.o
HAL_SYSCFG_CM4BootAddConfig                       build/stm32h7xx_hal.o
HAL_SYSCFG_CM7BootAddConfig                       build/stm32h7xx_hal.o
HAL_SYSCFG_CompensationCodeConfig                 build/stm32h7xx_hal.o
HAL_SYSCFG_CompensationCodeSelect                 build/stm32h7xx_hal.o
HAL_SYSCFG_DisableBOOST                           build/stm32h7xx_hal.o
HAL_SYSCFG_DisableCM4BOOT                         build/stm32h7xx_hal.o
HAL_SYSCFG_DisableCM7BOOT                         build/stm32h7xx_hal.o
HAL_SYSCFG_DisableIOSpeedOptimize                 build/stm32h7xx_hal.o
HAL_SYSCFG_DisableVREFBUF                         build/stm32h7xx_hal.o
HAL_SYSCFG_ETHInterfaceSelect                     build/stm32h7xx_hal.o
HAL_SYSCFG_EnableBOOST                            build/stm32h7xx_hal.o
HAL_SYSCFG_EnableCM4BOOT                          build/stm32h7xx_hal.o
HAL_SYSCFG_EnableCM7BOOT                          build/stm32h7xx_hal.o
HAL_SYSCFG_EnableIOSpeedOptimize                  build/stm32h7xx_hal.o
HAL_SYSCFG_EnableVREFBUF                          build/stm32h7xx_hal.o
HAL_SYSCFG_VREFBUF_HighImpedanceConfig            build/stm32h7xx_hal.o
HAL_SYSCFG_VREFBUF_TrimmingConfig                 build/stm32h7xx_hal.o
HAL_SYSCFG_VREFBUF_VoltageScalingConfig           build/stm32h7xx_hal.o
HAL_SYSTICK_CLKSourceConfig                       build/stm32h7xx_hal_cortex.o
HAL_SYSTICK_Callback                              build/stm32h7xx_hal_cortex.o
HAL_SYSTICK_Config                                build/stm32h7xx_hal_cortex.o
                                                  build/stm32h7xx_hal.o
HAL_SYSTICK_IRQHandler                            build/stm32h7xx_hal_cortex.o
HAL_SetFMCMemorySwappingConfig                    build/stm32h7xx_hal.o
HAL_SetTickFreq                                   build/stm32h7xx_hal.o
HAL_SuspendTick                                   build/stm32h7xx_hal.o
HOLD_CORE_IRQHandler                              build/startup_stm32h745xx_CM4.o
HRTIM1_FLT_IRQHandler                             build/startup_stm32h745xx_CM4.o
HRTIM1_Master_IRQHandler                          build/startup_stm32h745xx_CM4.o
HRTIM1_TIMA_IRQHandler                            build/startup_stm32h745xx_CM4.o
HRTIM1_TIMB_IRQHandler                            build/startup_stm32h745xx_CM4.o
HRTIM1_TIMC_IRQHandler                            build/startup_stm32h745xx_CM4.o
HRTIM1_TIMD_IRQHandler                            build/startup_stm32h745xx_CM4.o
HRTIM1_TIME_IRQHandler                            build/startup_stm32h745xx_CM4.o
HSEM1_IRQHandler                                  build/startup_stm32h745xx_CM4.o
HSEM2_IRQHandler                                  build/startup_stm32h745xx_CM4.o
HardFault_Handler                                 build/stm32h7xx_it.o
I2C1_ER_IRQHandler                                build/startup_stm32h745xx_CM4.o
I2C1_EV_IRQHandler                                build/startup_stm32h745xx_CM4.o
I2C2_ER_IRQHandler                                build/startup_stm32h745xx_CM4.o
I2C2_EV_IRQHandler                                build/startup_stm32h745xx_CM4.o
I2C3_ER_IRQHandler                                build/startup_stm32h745xx_CM4.o
I2C3_EV_IRQHandler                                build/startup_stm32h745xx_CM4.o
I2C4_ER_IRQHandler                                build/startup_stm32h745xx_CM4.o
I2C4_EV_IRQHandler                                build/startup_stm32h745xx_CM4.o
JPEG_IRQHandler                                   build/startup_stm32h745xx_CM4.o
LPTIM1_IRQHandler                                 build/startup_stm32h745xx_CM4.o
LPTIM2_IRQHandler                                 build/startup_stm32h745xx_CM4.o
LPTIM3_IRQHandler                                 build/startup_stm32h745xx_CM4.o
LPTIM4_IRQHandler                                 build/startup_stm32h745xx_CM4.o
LPTIM5_IRQHandler                                 build/startup_stm32h745xx_CM4.o
LPUART1_IRQHandler                                build/startup_stm32h745xx_CM4.o
LTDC_ER_IRQHandler                                build/startup_stm32h745xx_CM4.o
LTDC_IRQHandler                                   build/startup_stm32h745xx_CM4.o
MDIOS_IRQHandler                                  build/startup_stm32h745xx_CM4.o
MDIOS_WKUP_IRQHandler                             build/startup_stm32h745xx_CM4.o
MDMA_IRQHandler                                   build/startup_stm32h745xx_CM4.o
MemManage_Handler                                 build/stm32h7xx_it.o
NMI_Handler                                       build/stm32h7xx_it.o
OTG_FS_EP1_IN_IRQHandler                          build/startup_stm32h745xx_CM4.o
OTG_FS_EP1_OUT_IRQHandler                         build/startup_stm32h745xx_CM4.o
OTG_FS_IRQHandler                                 build/startup_stm32h745xx_CM4.o
OTG_FS_WKUP_IRQHandler                            build/startup_stm32h745xx_CM4.o
OTG_HS_EP1_IN_IRQHandler                          build/startup_stm32h745xx_CM4.o
OTG_HS_EP1_OUT_IRQHandler                         build/startup_stm32h745xx_CM4.o
OTG_HS_IRQHandler                                 build/startup_stm32h745xx_CM4.o
OTG_HS_WKUP_IRQHandler                            build/startup_stm32h745xx_CM4.o
PVD_AVD_IRQHandler                                build/startup_stm32h745xx_CM4.o
PendSV_Handler                                    build/stm32h7xx_it.o
QUADSPI_IRQHandler                                build/startup_stm32h745xx_CM4.o
RCC_IRQHandler                                    build/startup_stm32h745xx_CM4.o
RNG_IRQHandler                                    build/startup_stm32h745xx_CM4.o
RTC_Alarm_IRQHandler                              build/startup_stm32h745xx_CM4.o
RTC_WKUP_IRQHandler                               build/startup_stm32h745xx_CM4.o
Reset_Handler                                     build/startup_stm32h745xx_CM4.o
SAI1_IRQHandler                                   build/startup_stm32h745xx_CM4.o
SAI2_IRQHandler                                   build/startup_stm32h745xx_CM4.o
SAI3_IRQHandler                                   build/startup_stm32h745xx_CM4.o
SAI4_IRQHandler                                   build/startup_stm32h745xx_CM4.o
SDMMC1_IRQHandler                                 build/startup_stm32h745xx_CM4.o
SDMMC2_IRQHandler                                 build/startup_stm32h745xx_CM4.o
SPDIF_RX_IRQHandler                               build/startup_stm32h745xx_CM4.o
SPI1_IRQHandler                                   build/startup_stm32h745xx_CM4.o
SPI2_IRQHandler                                   build/startup_stm32h745xx_CM4.o
SPI3_IRQHandler                                   build/startup_stm32h745xx_CM4.o
SPI4_IRQHandler                                   build/startup_stm32h745xx_CM4.o
SPI5_IRQHandler                                   build/startup_stm32h745xx_CM4.o
SPI6_IRQHandler                                   build/startup_stm32h745xx_CM4.o
SVC_Handler                                       build/stm32h7xx_it.o
SWPMI1_IRQHandler                                 build/startup_stm32h745xx_CM4.o
SysTick_Handler                                   build/stm32h7xx_it.o
SystemCoreClock                                   build/system_stm32h7xx_dualcore_boot_cm4_cm7.o
                                                  build/stm32h7xx_hal_rcc_ex.o
                                                  build/stm32h7xx_hal_rcc.o
                                                  build/stm32h7xx_hal_mdma.o
                                                  build/stm32h7xx_hal_dma.o
                                                  build/stm32h7xx_hal.o
SystemCoreClockUpdate                             build/system_stm32h7xx_dualcore_boot_cm4_cm7.o
SystemD2Clock                                     build/system_stm32h7xx_dualcore_boot_cm4_cm7.o
                                                  build/stm32h7xx_hal_rcc_ex.o
                                                  build/stm32h7xx_hal_rcc.o
                                                  build/stm32h7xx_hal.o
SystemInit                                        build/system_stm32h7xx_dualcore_boot_cm4_cm7.o
                                                  build/startup_stm32h745xx_CM4.o
TAMP_STAMP_IRQHandler                             build/startup_stm32h745xx_CM4.o
TIM15_IRQHandler                                  build/startup_stm32h745xx_CM4.o
TIM16_IRQHandler                                  build/startup_stm32h745xx_CM4.o
TIM17_IRQHandler                                  build/startup_stm32h745xx_CM4.o
TIM1_BRK_IRQHandler                               build/startup_stm32h745xx_CM4.o
TIM1_CC_IRQHandler                                build/startup_stm32h745xx_CM4.o
TIM1_TRG_COM_IRQHandler                           build/startup_stm32h745xx_CM4.o
TIM1_UP_IRQHandler                                build/startup_stm32h745xx_CM4.o
TIM2_IRQHandler                                   build/startup_stm32h745xx_CM4.o
TIM3_IRQHandler                                   build/startup_stm32h745xx_CM4.o
TIM4_IRQHandler                                   build/startup_stm32h745xx_CM4.o
TIM5_IRQHandler                                   build/startup_stm32h745xx_CM4.o
TIM6_DAC_IRQHandler                               build/startup_stm32h745xx_CM4.o
TIM7_IRQHandler                                   build/startup_stm32h745xx_CM4.o
TIM8_BRK_TIM12_IRQHandler                         build/startup_stm32h745xx_CM4.o
TIM8_CC_IRQHandler                                build/startup_stm32h745xx_CM4.o
TIM8_TRG_COM_TIM14_IRQHandler                     build/startup_stm32h745xx_CM4.o
TIM8_UP_TIM13_IRQHandler                          build/startup_stm32h745xx_CM4.o
UART4_IRQHandler                                  build/startup_stm32h745xx_CM4.o
UART5_IRQHandler                                  build/startup_stm32h745xx_CM4.o
UART7_IRQHandler                                  build/startup_stm32h745xx_CM4.o
UART8_IRQHandler                                  build/startup_stm32h745xx_CM4.o
USART1_IRQHandler                                 build/startup_stm32h745xx_CM4.o
USART2_IRQHandler                                 build/startup_stm32h745xx_CM4.o
USART3_IRQHandler                                 build/startup_stm32h745xx_CM4.o
USART6_IRQHandler                                 build/startup_stm32h745xx_CM4.o
UsageFault_Handler                                build/stm32h7xx_it.o
WAKEUP_PIN_IRQHandler                             build/startup_stm32h745xx_CM4.o
WWDG_IRQHandler                                   build/startup_stm32h745xx_CM4.o
WWDG_RST_IRQHandler                               build/startup_stm32h745xx_CM4.o
_Min_Stack_Size                                   build/sysmem.o
__bss_end__                                       /opt/st/stm32cubeide_1.14.0/plugins/com.st.stm32cube.ide.mcu.externaltools.gnu-tools-for-stm32.11.3.rel1.linux64_1.1.100.202309141235/tools/bin/../lib/gcc/arm-none-eabi/11.3.1/../../../../arm-none-eabi/lib/thumb/v7e-m+dp/hard/crt0.o
__bss_start__                                     /opt/st/stm32cubeide_1.14.0/plugins/com.st.stm32cube.ide.mcu.externaltools.gnu-tools-for-stm32.11.3.rel1.linux64_1.1.100.202309141235/tools/bin/../lib/gcc/arm-none-eabi/11.3.1/../../../../arm-none-eabi/lib/thumb/v7e-m+dp/hard/crt0.o
__call_exitprocs                                  /opt/st/stm32cubeide_1.14.0/plugins/com.st.stm32cube.ide.mcu.externaltools.gnu-tools-for-stm32.11.3.rel1.linux64_1.1.100.202309141235/tools/bin/../lib/gcc/arm-none-eabi/11.3.1/../../../../arm-none-eabi/lib/thumb/v7e-m+dp/hard/libc_nano.a(libc_a-exit.o)
__deregister_frame_info                           /opt/st/stm32cubeide_1.14.0/plugins/com.st.stm32cube.ide.mcu.externaltools.gnu-tools-for-stm32.11.3.rel1.linux64_1.1.100.202309141235/tools/bin/../lib/gcc/arm-none-eabi/11.3.1/thumb/v7e-m+dp/hard/crtbegin.o
__dso_handle                                      /opt/st/stm32cubeide_1.14.0/plugins/com.st.stm32cube.ide.mcu.externaltools.gnu-tools-for-stm32.11.3.rel1.linux64_1.1.100.202309141235/tools/bin/../lib/gcc/arm-none-eabi/11.3.1/thumb/v7e-m+dp/hard/crtbegin.o
__env                                             build/syscalls.o
__errno                                           /opt/st/stm32cubeide_1.14.0/plugins/com.st.stm32cube.ide.mcu.externaltools.gnu-tools-for-stm32.11.3.rel1.linux64_1.1.100.202309141235/tools/bin/../lib/gcc/arm-none-eabi/11.3.1/../../../../arm-none-eabi/lib/thumb/v7e-m+dp/hard/libc_nano.a(libc_a-errno.o)
                                                  build/sysmem.o
                                                  build/syscalls.o
__fp_lock_all                                     /opt/st/stm32cubeide_1.14.0/plugins/com.st.stm32cube.ide.mcu.externaltools.gnu-tools-for-stm32.11.3.rel1.linux64_1.1.100.202309141235/tools/bin/../lib/gcc/arm-none-eabi/11.3.1/../../../../arm-none-eabi/lib/thumb/v7e-m+dp/hard/libc_nano.a(libc_a-findfp.o)
__fp_unlock_all                                   /opt/st/stm32cubeide_1.14.0/plugins/com.st.stm32cube.ide.mcu.externaltools.gnu-tools-for-stm32.11.3.rel1.linux64_1.1.100.202309141235/tools/bin/../lib/gcc/arm-none-eabi/11.3.1/../../../../arm-none-eabi/lib/thumb/v7e-m+dp/hard/libc_nano.a(libc_a-findfp.o)
__init_array_end                                  /opt/st/stm32cubeide_1.14.0/plugins/com.st.stm32cube.ide.mcu.externaltools.gnu-tools-for-stm32.11.3.rel1.linux64_1.1.100.202309141235/tools/bin/../lib/gcc/arm-none-eabi/11.3.1/../../../../arm-none-eabi/lib/thumb/v7e-m+dp/hard/libc_nano.a(libc_a-init.o)
__init_array_start                                /opt/st/stm32cubeide_1.14.0/plugins/com.st.stm32cube.ide.mcu.externaltools.gnu-tools-for-stm32.11.3.rel1.linux64_1.1.100.202309141235/tools/bin/../lib/gcc/arm-none-eabi/11.3.1/../../../../arm-none-eabi/lib/thumb/v7e-m+dp/hard/libc_nano.a(libc_a-init.o)
__io_getchar                                      build/syscalls.o
__io_putchar                                      build/syscalls.o
__libc_fini_array                                 /opt/st/stm32cubeide_1.14.0/plugins/com.st.stm32cube.ide.mcu.externaltools.gnu-tools-for-stm32.11.3.rel1.linux64_1.1.100.202309141235/tools/bin/../lib/gcc/arm-none-eabi/11.3.1/../../../../arm-none-eabi/lib/thumb/v7e-m+dp/hard/crt0.o
__libc_init_array                                 /opt/st/stm32cubeide_1.14.0/plugins/com.st.stm32cube.ide.mcu.externaltools.gnu-tools-for-stm32.11.3.rel1.linux64_1.1.100.202309141235/tools/bin/../lib/gcc/arm-none-eabi/11.3.1/../../../../arm-none-eabi/lib/thumb/v7e-m+dp/hard/libc_nano.a(libc_a-init.o)
                                                  build/startup_stm32h745xx_CM4.o
                                                  /opt/st/stm32cubeide_1.14.0/plugins/com.st.stm32cube.ide.mcu.externaltools.gnu-tools-for-stm32.11.3.rel1.linux64_1.1.100.202309141235/tools/bin/../lib/gcc/arm-none-eabi/11.3.1/../../../../arm-none-eabi/lib/thumb/v7e-m+dp/hard/crt0.o
__lock___arc4random_mutex                         /opt/st/stm32cubeide_1.14.0/plugins/com.st.stm32cube.ide.mcu.externaltools.gnu-tools-for-stm32.11.3.rel1.linux64_1.1.100.202309141235/tools/bin/../lib/gcc/arm-none-eabi/11.3.1/../../../../arm-none-eabi/lib/thumb/v7e-m+dp/hard/libc_nano.a(libc_a-lock.o)
__lock___at_quick_exit_mutex                      /opt/st/stm32cubeide_1.14.0/plugins/com.st.stm32cube.ide.mcu.externaltools.gnu-tools-for-stm32.11.3.rel1.linux64_1.1.100.202309141235/tools/bin/../lib/gcc/arm-none-eabi/11.3.1/../../../../arm-none-eabi/lib/thumb/v7e-m+dp/hard/libc_nano.a(libc_a-lock.o)
__lock___atexit_recursive_mutex                   /opt/st/stm32cubeide_1.14.0/plugins/com.st.stm32cube.ide.mcu.externaltools.gnu-tools-for-stm32.11.3.rel1.linux64_1.1.100.202309141235/tools/bin/../lib/gcc/arm-none-eabi/11.3.1/../../../../arm-none-eabi/lib/thumb/v7e-m+dp/hard/libc_nano.a(libc_a-lock.o)
__lock___dd_hash_mutex                            /opt/st/stm32cubeide_1.14.0/plugins/com.st.stm32cube.ide.mcu.externaltools.gnu-tools-for-stm32.11.3.rel1.linux64_1.1.100.202309141235/tools/bin/../lib/gcc/arm-none-eabi/11.3.1/../../../../arm-none-eabi/lib/thumb/v7e-m+dp/hard/libc_nano.a(libc_a-lock.o)
__lock___env_recursive_mutex                      /opt/st/stm32cubeide_1.14.0/plugins/com.st.stm32cube.ide.mcu.externaltools.gnu-tools-for-stm32.11.3.rel1.linux64_1.1.100.202309141235/tools/bin/../lib/gcc/arm-none-eabi/11.3.1/../../../../arm-none-eabi/lib/thumb/v7e-m+dp/hard/libc_nano.a(libc_a-lock.o)
__lock___malloc_recursive_mutex                   /opt/st/stm32cubeide_1.14.0/plugins/com.st.stm32cube.ide.mcu.externaltools.gnu-tools-for-stm32.11.3.rel1.linux64_1.1.100.202309141235/tools/bin/../lib/gcc/arm-none-eabi/11.3.1/../../../../arm-none-eabi/lib/thumb/v7e-m+dp/hard/libc_nano.a(libc_a-lock.o)
                                                  /opt/st/stm32cubeide_1.14.0/plugins/com.st.stm32cube.ide.mcu.externaltools.gnu-tools-for-stm32.11.3.rel1.linux64_1.1.100.202309141235/tools/bin/../lib/gcc/arm-none-eabi/11.3.1/../../../../arm-none-eabi/lib/thumb/v7e-m+dp/hard/libc_nano.a(libc_a-mlock.o)
__lock___sfp_recursive_mutex                      /opt/st/stm32cubeide_1.14.0/plugins/com.st.stm32cube.ide.mcu.externaltools.gnu-tools-for-stm32.11.3.rel1.linux64_1.1.100.202309141235/tools/bin/../lib/gcc/arm-none-eabi/11.3.1/../../../../arm-none-eabi/lib/thumb/v7e-m+dp/hard/libc_nano.a(libc_a-lock.o)
                                                  /opt/st/stm32cubeide_1.14.0/plugins/com.st.stm32cube.ide.mcu.externaltools.gnu-tools-for-stm32.11.3.rel1.linux64_1.1.100.202309141235/tools/bin/../lib/gcc/arm-none-eabi/11.3.1/../../../../arm-none-eabi/lib/thumb/v7e-m+dp/hard/libc_nano.a(libc_a-findfp.o)
__lock___tz_mutex                                 /opt/st/stm32cubeide_1.14.0/plugins/com.st.stm32cube.ide.mcu.externaltools.gnu-tools-for-stm32.11.3.rel1.linux64_1.1.100.202309141235/tools/bin/../lib/gcc/arm-none-eabi/11.3.1/../../../../arm-none-eabi/lib/thumb/v7e-m+dp/hard/libc_nano.a(libc_a-lock.o)
__malloc_free_list                                /opt/st/stm32cubeide_1.14.0/plugins/com.st.stm32cube.ide.mcu.externaltools.gnu-tools-for-stm32.11.3.rel1.linux64_1.1.100.202309141235/tools/bin/../lib/gcc/arm-none-eabi/11.3.1/../../../../arm-none-eabi/lib/thumb/v7e-m+dp/hard/libc_nano.a(libc_a-mallocr.o)
                                                  /opt/st/stm32cubeide_1.14.0/plugins/com.st.stm32cube.ide.mcu.externaltools.gnu-tools-for-stm32.11.3.rel1.linux64_1.1.100.202309141235/tools/bin/../lib/gcc/arm-none-eabi/11.3.1/../../../../arm-none-eabi/lib/thumb/v7e-m+dp/hard/libc_nano.a(libc_a-freer.o)
__malloc_lock                                     /opt/st/stm32cubeide_1.14.0/plugins/com.st.stm32cube.ide.mcu.externaltools.gnu-tools-for-stm32.11.3.rel1.linux64_1.1.100.202309141235/tools/bin/../lib/gcc/arm-none-eabi/11.3.1/../../../../arm-none-eabi/lib/thumb/v7e-m+dp/hard/libc_nano.a(libc_a-mlock.o)
                                                  /opt/st/stm32cubeide_1.14.0/plugins/com.st.stm32cube.ide.mcu.externaltools.gnu-tools-for-stm32.11.3.rel1.linux64_1.1.100.202309141235/tools/bin/../lib/gcc/arm-none-eabi/11.3.1/../../../../arm-none-eabi/lib/thumb/v7e-m+dp/hard/libc_nano.a(libc_a-mallocr.o)
                                                  /opt/st/stm32cubeide_1.14.0/plugins/com.st.stm32cube.ide.mcu.externaltools.gnu-tools-for-stm32.11.3.rel1.linux64_1.1.100.202309141235/tools/bin/../lib/gcc/arm-none-eabi/11.3.1/../../../../arm-none-eabi/lib/thumb/v7e-m+dp/hard/libc_nano.a(libc_a-freer.o)
__malloc_sbrk_start                               /opt/st/stm32cubeide_1.14.0/plugins/com.st.stm32cube.ide.mcu.externaltools.gnu-tools-for-stm32.11.3.rel1.linux64_1.1.100.202309141235/tools/bin/../lib/gcc/arm-none-eabi/11.3.1/../../../../arm-none-eabi/lib/thumb/v7e-m+dp/hard/libc_nano.a(libc_a-mallocr.o)
__malloc_unlock                                   /opt/st/stm32cubeide_1.14.0/plugins/com.st.stm32cube.ide.mcu.externaltools.gnu-tools-for-stm32.11.3.rel1.linux64_1.1.100.202309141235/tools/bin/../lib/gcc/arm-none-eabi/11.3.1/../../../../arm-none-eabi/lib/thumb/v7e-m+dp/hard/libc_nano.a(libc_a-mlock.o)
                                                  /opt/st/stm32cubeide_1.14.0/plugins/com.st.stm32cube.ide.mcu.externaltools.gnu-tools-for-stm32.11.3.rel1.linux64_1.1.100.202309141235/tools/bin/../lib/gcc/arm-none-eabi/11.3.1/../../../../arm-none-eabi/lib/thumb/v7e-m+dp/hard/libc_nano.a(libc_a-mallocr.o)
                                                  /opt/st/stm32cubeide_1.14.0/plugins/com.st.stm32cube.ide.mcu.externaltools.gnu-tools-for-stm32.11.3.rel1.linux64_1.1.100.202309141235/tools/bin/../lib/gcc/arm-none-eabi/11.3.1/../../../../arm-none-eabi/lib/thumb/v7e-m+dp/hard/libc_nano.a(libc_a-freer.o)
__preinit_array_end                               /opt/st/stm32cubeide_1.14.0/plugins/com.st.stm32cube.ide.mcu.externaltools.gnu-tools-for-stm32.11.3.rel1.linux64_1.1.100.202309141235/tools/bin/../lib/gcc/arm-none-eabi/11.3.1/../../../../arm-none-eabi/lib/thumb/v7e-m+dp/hard/libc_nano.a(libc_a-init.o)
__preinit_array_start                             /opt/st/stm32cubeide_1.14.0/plugins/com.st.stm32cube.ide.mcu.externaltools.gnu-tools-for-stm32.11.3.rel1.linux64_1.1.100.202309141235/tools/bin/../lib/gcc/arm-none-eabi/11.3.1/../../../../arm-none-eabi/lib/thumb/v7e-m+dp/hard/libc_nano.a(libc_a-init.o)
__register_frame_info                             /opt/st/stm32cubeide_1.14.0/plugins/com.st.stm32cube.ide.mcu.externaltools.gnu-tools-for-stm32.11.3.rel1.linux64_1.1.100.202309141235/tools/bin/../lib/gcc/arm-none-eabi/11.3.1/thumb/v7e-m+dp/hard/crtbegin.o
__retarget_lock_acquire                           /opt/st/stm32cubeide_1.14.0/plugins/com.st.stm32cube.ide.mcu.externaltools.gnu-tools-for-stm32.11.3.rel1.linux64_1.1.100.202309141235/tools/bin/../lib/gcc/arm-none-eabi/11.3.1/../../../../arm-none-eabi/lib/thumb/v7e-m+dp/hard/libc_nano.a(libc_a-lock.o)
__retarget_lock_acquire_recursive                 /opt/st/stm32cubeide_1.14.0/plugins/com.st.stm32cube.ide.mcu.externaltools.gnu-tools-for-stm32.11.3.rel1.linux64_1.1.100.202309141235/tools/bin/../lib/gcc/arm-none-eabi/11.3.1/../../../../arm-none-eabi/lib/thumb/v7e-m+dp/hard/libc_nano.a(libc_a-lock.o)
                                                  /opt/st/stm32cubeide_1.14.0/plugins/com.st.stm32cube.ide.mcu.externaltools.gnu-tools-for-stm32.11.3.rel1.linux64_1.1.100.202309141235/tools/bin/../lib/gcc/arm-none-eabi/11.3.1/../../../../arm-none-eabi/lib/thumb/v7e-m+dp/hard/libc_nano.a(libc_a-fflush.o)
                                                  /opt/st/stm32cubeide_1.14.0/plugins/com.st.stm32cube.ide.mcu.externaltools.gnu-tools-for-stm32.11.3.rel1.linux64_1.1.100.202309141235/tools/bin/../lib/gcc/arm-none-eabi/11.3.1/../../../../arm-none-eabi/lib/thumb/v7e-m+dp/hard/libc_nano.a(libc_a-mlock.o)
                                                  /opt/st/stm32cubeide_1.14.0/plugins/com.st.stm32cube.ide.mcu.externaltools.gnu-tools-for-stm32.11.3.rel1.linux64_1.1.100.202309141235/tools/bin/../lib/gcc/arm-none-eabi/11.3.1/../../../../arm-none-eabi/lib/thumb/v7e-m+dp/hard/libc_nano.a(libc_a-findfp.o)
__retarget_lock_close                             /opt/st/stm32cubeide_1.14.0/plugins/com.st.stm32cube.ide.mcu.externaltools.gnu-tools-for-stm32.11.3.rel1.linux64_1.1.100.202309141235/tools/bin/../lib/gcc/arm-none-eabi/11.3.1/../../../../arm-none-eabi/lib/thumb/v7e-m+dp/hard/libc_nano.a(libc_a-lock.o)
__retarget_lock_close_recursive                   /opt/st/stm32cubeide_1.14.0/plugins/com.st.stm32cube.ide.mcu.externaltools.gnu-tools-for-stm32.11.3.rel1.linux64_1.1.100.202309141235/tools/bin/../lib/gcc/arm-none-eabi/11.3.1/../../../../arm-none-eabi/lib/thumb/v7e-m+dp/hard/libc_nano.a(libc_a-lock.o)
__retarget_lock_init                              /opt/st/stm32cubeide_1.14.0/plugins/com.st.stm32cube.ide.mcu.externaltools.gnu-tools-for-stm32.11.3.rel1.linux64_1.1.100.202309141235/tools/bin/../lib/gcc/arm-none-eabi/11.3.1/../../../../arm-none-eabi/lib/thumb/v7e-m+dp/hard/libc_nano.a(libc_a-lock.o)
__retarget_lock_init_recursive                    /opt/st/stm32cubeide_1.14.0/plugins/com.st.stm32cube.ide.mcu.externaltools.gnu-tools-for-stm32.11.3.rel1.linux64_1.1.100.202309141235/tools/bin/../lib/gcc/arm-none-eabi/11.3.1/../../../../arm-none-eabi/lib/thumb/v7e-m+dp/hard/libc_nano.a(libc_a-lock.o)
                                                  /opt/st/stm32cubeide_1.14.0/plugins/com.st.stm32cube.ide.mcu.externaltools.gnu-tools-for-stm32.11.3.rel1.linux64_1.1.100.202309141235/tools/bin/../lib/gcc/arm-none-eabi/11.3.1/../../../../arm-none-eabi/lib/thumb/v7e-m+dp/hard/libc_nano.a(libc_a-findfp.o)
__retarget_lock_release                           /opt/st/stm32cubeide_1.14.0/plugins/com.st.stm32cube.ide.mcu.externaltools.gnu-tools-for-stm32.11.3.rel1.linux64_1.1.100.202309141235/tools/bin/../lib/gcc/arm-none-eabi/11.3.1/../../../../arm-none-eabi/lib/thumb/v7e-m+dp/hard/libc_nano.a(libc_a-lock.o)
__retarget_lock_release_recursive                 /opt/st/stm32cubeide_1.14.0/plugins/com.st.stm32cube.ide.mcu.externaltools.gnu-tools-for-stm32.11.3.rel1.linux64_1.1.100.202309141235/tools/bin/../lib/gcc/arm-none-eabi/11.3.1/../../../../arm-none-eabi/lib/thumb/v7e-m+dp/hard/libc_nano.a(libc_a-lock.o)
                                                  /opt/st/stm32cubeide_1.14.0/plugins/com.st.stm32cube.ide.mcu.externaltools.gnu-tools-for-stm32.11.3.rel1.linux64_1.1.100.202309141235/tools/bin/../lib/gcc/arm-none-eabi/11.3.1/../../../../arm-none-eabi/lib/thumb/v7e-m+dp/hard/libc_nano.a(libc_a-fflush.o)
                                                  /opt/st/stm32cubeide_1.14.0/plugins/com.st.stm32cube.ide.mcu.externaltools.gnu-tools-for-stm32.11.3.rel1.linux64_1.1.100.202309141235/tools/bin/../lib/gcc/arm-none-eabi/11.3.1/../../../../arm-none-eabi/lib/thumb/v7e-m+dp/hard/libc_nano.a(libc_a-mlock.o)